Component: ARM Compiler 5.06 update 2 (build 183) Tool: armlink [4d35b7]

==============================================================================

Section Cross References

    main.o(i.main) refers to stm32l0xx_hal.o(i.HAL_Init) for HAL_Init
    main.o(i.main) refers to sysclk.o(i.SystemClock_Config) for SystemClock_Config
    main.o(i.main) refers to gpio.o(i.GPIO_Init) for GPIO_Init
    main.o(i.main) refers to usart.o(i.USART4_Init) for USART4_Init
    main.o(i.main) refers to i2c.o(i.I2C1_Init) for I2C1_Init
    main.o(i.main) refers to tim.o(i.TIM3_Init) for TIM3_Init
    main.o(i.main) refers to rtc.o(i.RTC_Init) for RTC_Init
    main.o(i.main) refers to eeprom.o(i.flashReadFromEEPROM) for flashReadFromEEPROM
    main.o(i.main) refers to dataprocess.o(i.ringBufInit) for ringBufInit
    main.o(i.main) refers to cmsis_os2.o(i.osKernelInitialize) for osKernelInitialize
    main.o(i.main) refers to queue.o(i.xQueueGenericCreate) for xQueueGenericCreate
    main.o(i.main) refers to cmsis_os2.o(i.osThreadNew) for osThreadNew
    main.o(i.main) refers to stm32l0xx_hal_tim.o(i.HAL_TIM_Base_Start_IT) for HAL_TIM_Base_Start_IT
    main.o(i.main) refers to cmsis_os2.o(i.osKernelStart) for osKernelStart
    main.o(i.main) refers to usart.o(.bss) for huart4
    main.o(i.main) refers to main.o(.data) for xTim3Sem
    main.o(i.main) refers to main.o(.constdata) for netTask_attributes
    main.o(i.main) refers to nettask.o(i.appNetTask) for appNetTask
    main.o(i.main) refers to slowtask.o(i.appSlowTask) for appSlowTask
    main.o(i.main) refers to uarttask.o(i.appUartTask) for appUartTask
    main.o(i.main) refers to tim.o(.bss) for htim3
    main.o(i.runMode) refers to aeabi_sdiv.o(.text) for __aeabi_idivmod
    main.o(i.runMode) refers to stm32l0xx_hal_gpio.o(i.HAL_GPIO_TogglePin) for HAL_GPIO_TogglePin
    main.o(i.runMode) refers to main.o(.data) for sm
    main.o(i.stopMode) refers to lowpower.o(i.Sleep) for Sleep
    main.o(i.stopMode) refers to main.o(.data) for sm
    main.o(.constdata) refers to main.o(.conststring) for .conststring
    stm32l0xx_it.o(i.DMA1_Channel2_3_IRQHandler) refers to stm32l0xx_hal_dma.o(i.HAL_DMA_IRQHandler) for HAL_DMA_IRQHandler
    stm32l0xx_it.o(i.DMA1_Channel2_3_IRQHandler) refers to usart.o(.bss) for hdma_usart1_rx
    stm32l0xx_it.o(i.DMA1_Channel4_5_6_7_IRQHandler) refers to stm32l0xx_hal_dma.o(i.HAL_DMA_IRQHandler) for HAL_DMA_IRQHandler
    stm32l0xx_it.o(i.DMA1_Channel4_5_6_7_IRQHandler) refers to usart.o(.bss) for hdma_usart2_rx
    stm32l0xx_it.o(i.EXTI4_15_IRQHandler) refers to stm32l0xx_hal_gpio.o(i.HAL_GPIO_EXTI_IRQHandler) for HAL_GPIO_EXTI_IRQHandler
    stm32l0xx_it.o(i.RTC_IRQHandler) refers to stm32l0xx_hal_rtc_ex.o(i.HAL_RTCEx_WakeUpTimerIRQHandler) for HAL_RTCEx_WakeUpTimerIRQHandler
    stm32l0xx_it.o(i.RTC_IRQHandler) refers to rtc.o(.bss) for hrtc
    stm32l0xx_it.o(i.SysTick_Handler) refers to stm32l0xx_hal.o(i.HAL_IncTick) for HAL_IncTick
    stm32l0xx_it.o(i.SysTick_Handler) refers to tasks.o(i.xTaskGetSchedulerState) for xTaskGetSchedulerState
    stm32l0xx_it.o(i.SysTick_Handler) refers to port.o(i.xPortSysTickHandler) for xPortSysTickHandler
    stm32l0xx_it.o(i.TIM3_IRQHandler) refers to stm32l0xx_hal_tim.o(i.HAL_TIM_IRQHandler) for HAL_TIM_IRQHandler
    stm32l0xx_it.o(i.TIM3_IRQHandler) refers to queue.o(i.xQueueGiveFromISR) for xQueueGiveFromISR
    stm32l0xx_it.o(i.TIM3_IRQHandler) refers to tim.o(.bss) for htim3
    stm32l0xx_it.o(i.TIM3_IRQHandler) refers to main.o(.data) for xTim3Sem
    stm32l0xx_it.o(i.USART1_IRQHandler) refers to stm32l0xx_hal_uart.o(i.HAL_UART_IRQHandler) for HAL_UART_IRQHandler
    stm32l0xx_it.o(i.USART1_IRQHandler) refers to usart.o(.bss) for huart1
    stm32l0xx_it.o(i.USART2_IRQHandler) refers to stm32l0xx_hal_uart.o(i.HAL_UART_IRQHandler) for HAL_UART_IRQHandler
    stm32l0xx_it.o(i.USART2_IRQHandler) refers to usart.o(.bss) for huart2
    stm32l0xx_it.o(i.USART4_5_IRQHandler) refers to stm32l0xx_hal_uart.o(i.HAL_UART_IRQHandler) for HAL_UART_IRQHandler
    stm32l0xx_it.o(i.USART4_5_IRQHandler) refers to usart.o(.bss) for huart4
    nettask.o(i.appNetTask) refers to cmsis_os2.o(i.osDelay) for osDelay
    slowtask.o(i.appSlowTask) refers to lowpower.o(i.Sensor_PowerOn) for Sensor_PowerOn
    slowtask.o(i.appSlowTask) refers to queue.o(i.xQueueSemaphoreTake) for xQueueSemaphoreTake
    slowtask.o(i.appSlowTask) refers to aeabi_sdiv.o(.text) for __aeabi_idivmod
    slowtask.o(i.appSlowTask) refers to stm32l0xx_hal_gpio.o(i.HAL_GPIO_TogglePin) for HAL_GPIO_TogglePin
    slowtask.o(i.appSlowTask) refers to main.o(.data) for xTim3Sem
    uarttask.o(i.appUartTask) refers to usart.o(i.uartRcvStart) for uartRcvStart
    uarttask.o(i.appUartTask) refers to queue.o(i.xQueueReceive) for xQueueReceive
    uarttask.o(i.appUartTask) refers to dataprocess.o(i.ring_buf_available) for ring_buf_available
    uarttask.o(i.appUartTask) refers to h2s.o(i.H2Srcv) for H2Srcv
[...]
    xPendingReadyList                        0x20001390   Data          20  tasks.o(.bss)
    xTasksWaitingTermination                 0x200013a4   Data          20  tasks.o(.bss)
    xSuspendedTaskList                       0x200013b8   Data          20  tasks.o(.bss)
    .bss                                     0x200013cc   Section      280  timers.o(.bss)
    xActiveTimerList1                        0x200013cc   Data          20  timers.o(.bss)
    xActiveTimerList2                        0x200013e0   Data          20  timers.o(.bss)
    xStaticTimerQueue                        0x200013f4   Data          80  timers.o(.bss)
    ucStaticTimerQueueStorage                0x20001444   Data         160  timers.o(.bss)
    .bss                                     0x200014e4   Section     3256  cmsis_os2.o(.bss)
    Idle_TCB                                 0x200014e4   Data          92  cmsis_os2.o(.bss)
    Idle_Stack                               0x20001540   Data        1024  cmsis_os2.o(.bss)
    Timer_TCB                                0x20001940   Data          92  cmsis_os2.o(.bss)
    Timer_Stack                              0x2000199c   Data        2048  cmsis_os2.o(.bss)
    .bss                                     0x2000219c   Section     5120  heap_4.o(.bss)
    ucHeap                                   0x2000219c   Data        5120  heap_4.o(.bss)
    .bss                                     0x2000359c   Section       96  libspace.o(.bss)
    HEAP                                     0x20003600   Section      512  startup_stm32l071xx.o(HEAP)
    Heap_Mem                                 0x20003600   Data         512  startup_stm32l071xx.o(HEAP)
    STACK                                    0x20003800   Section     1024  startup_stm32l071xx.o(STACK)
    Stack_Mem                                0x20003800   Data        1024  startup_stm32l071xx.o(STACK)
    __initial_sp                             0x20003c00   Data           0  startup_stm32l071xx.o(STACK)

    Global Symbols

    Symbol Name                              Value     Ov Type        Size  Object(Section)

    BuildAttributes$$THM_ISAv3M$S$PE$A:L22$X:L11$S22$IEEE1$IW$USESV6$~STKCKD$USESV7$~SHL$OTIME$ROPI$IEEEX$EBA8$UX$STANDARDLIB$REQ8$PRES8$EABIv2 0x00000000   Number         0  anon$$obj.o ABSOLUTE
    __ARM_use_no_argv                        0x00000000   Number         0  main.o ABSOLUTE
    _printf_flags                            0x00000000   Number         0  printf_stubs.o ABSOLUTE
    _printf_return_value                     0x00000000   Number         0  printf_stubs.o ABSOLUTE
    _printf_sizespec                         0x00000000   Number         0  printf_stubs.o ABSOLUTE
    _printf_widthprec                        0x00000000   Number         0  printf_stubs.o ABSOLUTE
    __ARM_exceptions_init                     - Undefined Weak Reference
    __alloca_initialize                       - Undefined Weak Reference
    __arm_preinit_                            - Undefined Weak Reference
    __cpp_initialize__aeabi_                  - Undefined Weak Reference
    __cxa_finalize                            - Undefined Weak Reference
    __sigvec_lookup                           - Undefined Weak Reference
    __user_heap_extent                        - Undefined Weak Reference
    _atexit_init                              - Undefined Weak Reference
    _call_atexit_fns                          - Undefined Weak Reference
    _clock_init                               - Undefined Weak Reference
    _fp_trap_init                             - Undefined Weak Reference
    _fp_trap_shutdown                         - Undefined Weak Reference
    _get_lc_collate                           - Undefined Weak Reference
    _get_lc_monetary                          - Undefined Weak Reference
    _get_lc_time                              - Undefined Weak Reference
    _getenv_init                              - Undefined Weak Reference
    _handle_redirection                       - Undefined Weak Reference
    _mutex_acquire                            - Undefined Weak Reference
    _mutex_free                               - Undefined Weak Reference
    _mutex_release                            - Undefined Weak Reference
    _printf_mbtowc                            - Undefined Weak Reference
    _printf_truncate_signed                   - Undefined Weak Reference
    _printf_truncate_unsigned                 - Undefined Weak Reference
    _rand_init                                - Undefined Weak Reference
    _scanf_int                                - Undefined Weak Reference
    _scanf_longlong                           - Undefined Weak Reference
    _scanf_mbtowc                             - Undefined Weak Reference
    _scanf_string                             - Undefined Weak Reference
    _scanf_wctomb                             - Undefined Weak Reference
    _scanf_wstring                            - Undefined Weak Reference
    _signal_finish                            - Undefined Weak Reference
    _signal_init                              - Undefined Weak Reference
    __Vectors_Size                           0x000000c0   Number         0  startup_stm32l071xx.o ABSOLUTE
    __Vectors                                0x08000000   Data           4  startup_stm32l071xx.o(RESET)
    __Vectors_End                            0x080000c0   Data           0  startup_stm32l071xx.o(RESET)
    __main                                   0x080000c1   Thumb Code     8  __main.o(!!!main)
    __scatterload                            0x080000c9   Thumb Code     0  __scatter.o(!!!scatter)
    __scatterload_rt2                        0x080000c9   Thumb Code    52  __scatter.o(!!!scatter)
    __scatterload_rt2_thumb_only             0x080000c9   Thumb Code     0  __scatter.o(!!!scatter)
    __scatterload_null                       0x080000d9   Thumb Code     0  __scatter.o(!!!scatter)
    __scatterload_copy                       0x08000105   Thumb Code    26  __scatter_copy.o(!!handler_copy)
    __scatterload_zeroinit                   0x08000121   Thumb Code    28  __scatter_zi.o(!!handler_zi)
    __rt_lib_init                            0x0800013d   Thumb Code     0  libinit.o(.ARM.Collect$$libinit$$00000000)
    __rt_lib_init_fp_1                       0x0800013f   Thumb Code     0  libinit2.o(.ARM.Collect$$libinit$$00000002)
    __rt_lib_init_heap_1                     0x0800013f   Thumb Code     0  libinit2.o(.ARM.Collect$$libinit$$0000000A)
    __rt_lib_init_lc_common                  0x0800013f   Thumb Code     0  libinit2.o(.ARM.Collect$$libinit$$0000000F)
    __rt_lib_init_preinit_1                  0x0800013f   Thumb Code     0  libinit2.o(.ARM.Collect$$libinit$$00000004)
    __rt_lib_init_rand_1                     0x0800013f   Thumb Code     0  libinit2.o(.ARM.Collect$$libinit$$0000000E)
    __rt_lib_init_user_alloc_1               0x0800013f   Thumb Code     0  libinit2.o(.ARM.Collect$$libinit$$0000000C)
    __rt_lib_init_lc_collate_1               0x08000145   Thumb Code     0  libinit2.o(.ARM.Collect$$libinit$$00000011)
    __rt_lib_init_lc_ctype_2                 0x08000145   Thumb Code     0  libinit2.o(.ARM.Collect$$libinit$$00000012)
    __rt_lib_init_alloca_1                   0x08000151   Thumb Code     0  libinit2.o(.ARM.Collect$$libinit$$0000002E)
    __rt_lib_init_argv_1                     0x08000151   Thumb Code     0  libinit2.o(.ARM.Collect$$libinit$$0000002C)
    __rt_lib_init_atexit_1                   0x08000151   Thumb Code     0  libinit2.o(.ARM.Collect$$libinit$$0000001B)
    __rt_lib_init_clock_1                    0x08000151   Thumb Code     0  libinit2.o(.ARM.Collect$$libinit$$00000021)
    __rt_lib_init_cpp_1                      0x08000151   Thumb Code     0  libinit2.o(.ARM.Collect$$libinit$$00000032)
    __rt_lib_init_exceptions_1               0x08000151   Thumb Code     0  libinit2.o(.ARM.Collect$$libinit$$00000030)
    __rt_lib_init_fp_trap_1                  0x08000151   Thumb Code     0  libinit2.o(.ARM.Collect$$libinit$$0000001F)
    __rt_lib_init_getenv_1                   0x08000151   Thumb Code     0  libinit2.o(.ARM.Collect$$libinit$$00000023)
    __rt_lib_init_lc_ctype_1                 0x08000151   Thumb Code     0  libinit2.o(.ARM.Collect$$libinit$$00000013)
    __rt_lib_init_lc_monetary_1              0x08000151   Thumb Code     0  libinit2.o(.ARM.Collect$$libinit$$00000015)
    __rt_lib_init_lc_numeric_1               0x08000151   Thumb Code     0  libinit2.o(.ARM.Collect$$libinit$$00000017)
    __rt_lib_init_lc_time_1                  0x08000151   Thumb Code     0  libinit2.o(.ARM.Collect$$libinit$$00000019)
    __rt_lib_init_return                     0x08000151   Thumb Code     0  libinit2.o(.ARM.Collect$$libinit$$00000033)
    __rt_lib_init_signal_1                   0x08000151   Thumb Code     0  libinit2.o(.ARM.Collect$$libinit$$0000001D)
    __rt_lib_init_stdio_1                    0x08000151   Thumb Code     0  libinit2.o(.ARM.Collect$$libinit$$00000025)
    __rt_lib_shutdown                        0x08000153   Thumb Code     0  libshutdown.o(.ARM.Collect$$libshutdown$$00000000)
    __rt_lib_shutdown_cpp_1                  0x08000155   Thumb Code     0  libshutdown2.o(.ARM.Collect$$libshutdown$$00000002)
    __rt_lib_shutdown_fp_trap_1              0x08000155   Thumb Code     0  libshutdown2.o(.ARM.Collect$$libshutdown$$00000007)
    __rt_lib_shutdown_heap_1                 0x08000155   Thumb Code     0  libshutdown2.o(.ARM.Collect$$libshutdown$$0000000F)
    __rt_lib_shutdown_return                 0x08000155   Thumb Code     0  libshutdown2.o(.ARM.Collect$$libshutdown$$00000010)
    __rt_lib_shutdown_signal_1               0x08000155   Thumb Code     0  libshutdown2.o(.ARM.Collect$$libshutdown$$0000000A)
    __rt_lib_shutdown_stdio_1                0x08000155   Thumb Code     0  libshutdown2.o(.ARM.Collect$$libshutdown$$00000004)
    __rt_lib_shutdown_user_alloc_1           0x08000155   Thumb Code     0  libshutdown2.o(.ARM.Collect$$libshutdown$$0000000C)
    __rt_entry                               0x08000157   Thumb Code     0  __rtentry.o(.ARM.Collect$$rtentry$$00000000)
    __rt_entry_presh_1                       0x08000157   Thumb Code     0  __rtentry2.o(.ARM.Collect$$rtentry$$00000002)
    __rt_entry_sh                            0x08000157   Thumb Code     0  __rtentry4.o(.ARM.Collect$$rtentry$$00000004)
    __rt_entry_li                            0x0800015d   Thumb Code     0  __rtentry2.o(.ARM.Collect$$rtentry$$0000000A)
    __rt_entry_postsh_1                      0x0800015d   Thumb Code     0  __rtentry2.o(.ARM.Collect$$rtentry$$00000009)
    __rt_entry_main                          0x08000161   Thumb Code     0  __rtentry2.o(.ARM.Collect$$rtentry$$0000000D)
    __rt_entry_postli_1                      0x08000161   Thumb Code     0  __rtentry2.o(.ARM.Collect$$rtentry$$0000000C)
    __rt_exit                                0x08000169   Thumb Code     0  rtexit.o(.ARM.Collect$$rtexit$$00000000)
    __rt_exit_ls                             0x0800016b   Thumb Code     0  rtexit2.o(.ARM.Collect$$rtexit$$00000003)
    __rt_exit_prels_1                        0x0800016b   Thumb Code     0  rtexit2.o(.ARM.Collect$$rtexit$$00000002)
    __rt_exit_exit                           0x0800016f   Thumb Code     0  rtexit2.o(.ARM.Collect$$rtexit$$00000004)
    __asm___6_port_c_39a90d8d__prvPortStartFirstTask 0x08000175   Thumb Code    36  port.o(.emb_text)
    ulSetInterruptMaskFromISR                0x0800019d   Thumb Code     8  port.o(.emb_text)
    vClearInterruptMaskFromISR               0x080001a5   Thumb Code     6  port.o(.emb_text)
    PendSV_Handler                           0x080001ab   Thumb Code    62  port.o(.emb_text)
    __aeabi_memcpy4                          0x080001ed   Thumb Code    56  rt_memcpy.o(.emb_text)
    __aeabi_memcpy8                          0x080001ed   Thumb Code     0  rt_memcpy.o(.emb_text)
    Reset_Handler                            0x08000225   Thumb Code     8  startup_stm32l071xx.o(.text)
    ADC1_COMP_IRQHandler                     0x08000237   Thumb Code     0  startup_stm32l071xx.o(.text)
    DMA1_Channel1_IRQHandler                 0x08000237   Thumb Code     0  startup_stm32l071xx.o(.text)
    EXTI0_1_IRQHandler                       0x08000237   Thumb Code     0  startup_stm32l071xx.o(.text)
    EXTI2_3_IRQHandler                       0x08000237   Thumb Code     0  startup_stm32l071xx.o(.text)
    FLASH_IRQHandler                         0x08000237   Thumb Code     0  startup_stm32l071xx.o(.text)
    I2C1_IRQHandler                          0x08000237   Thumb Code     0  startup_stm32l071xx.o(.text)
    I2C2_IRQHandler                          0x08000237   Thumb Code     0  startup_stm32l071xx.o(.text)
    I2C3_IRQHandler                          0x08000237   Thumb Code     0  startup_stm32l071xx.o(.text)
    LPTIM1_IRQHandler                        0x08000237   Thumb Code     0  startup_stm32l071xx.o(.text)
    LPUART1_IRQHandler                       0x08000237   Thumb Code     0  startup_stm32l071xx.o(.text)
    PVD_IRQHandler                           0x08000237   Thumb Code     0  startup_stm32l071xx.o(.text)
    RCC_IRQHandler                           0x08000237   Thumb Code     0  startup_stm32l071xx.o(.text)
    SPI1_IRQHandler                          0x08000237   Thumb Code     0  startup_stm32l071xx.o(.text)
    SPI2_IRQHandler                          0x08000237   Thumb Code     0  startup_stm32l071xx.o(.text)
    TIM21_IRQHandler                         0x08000237   Thumb Code     0  startup_stm32l071xx.o(.text)
    TIM22_IRQHandler                         0x08000237   Thumb Code     0  startup_stm32l071xx.o(.text)
    TIM2_IRQHandler                          0x08000237   Thumb Code     0  startup_stm32l071xx.o(.text)
    TIM6_IRQHandler                          0x08000237   Thumb Code     0  startup_stm32l071xx.o(.text)
    TIM7_IRQHandler                          0x08000237   Thumb Code     0  startup_stm32l071xx.o(.text)
    WWDG_IRQHandler                          0x08000237   Thumb Code     0  startup_stm32l071xx.o(.text)
    __user_initial_stackheap                 0x08000239   Thumb Code     0  startup_stm32l071xx.o(.text)
    __rt_ctype_table                         0x0800025d   Thumb Code    16  rt_ctype_table.o(.text)
    __aeabi_uldivmod                         0x0800026d   Thumb Code   258  lludiv.o(.text)
    _ll_udiv                                 0x0800026d   Thumb Code     0  lludiv.o(.text)
    strcpy                                   0x08000371   Thumb Code    70  strcpy.o(.text)
    __aeabi_memcpy                           0x080003bd   Thumb Code   130  rt_memcpy.o(.text)
    __rt_memcpy                              0x080003bd   Thumb Code     0  rt_memcpy.o(.text)
    __aeabi_memset                           0x0800043f   Thumb Code    18  aeabi_memset.o(.text)
    _memset_w                                0x08000451   Thumb Code    26  rt_memclr.o(.text)
    _memset                                  0x0800046b   Thumb Code    30  rt_memclr.o(.text)
    __aeabi_memclr                           0x08000489   Thumb Code     4  rt_memclr.o(.text)
    __rt_memclr                              0x08000489   Thumb Code     0  rt_memclr.o(.text)
    __aeabi_memclr4                          0x0800048d   Thumb Code     0  rt_memclr.o(.text)
    __aeabi_memclr8                          0x0800048d   Thumb Code     0  rt_memclr.o(.text)
    __rt_memclr_w                            0x0800048d   Thumb Code     4  rt_memclr.o(.text)
    strcmp                                   0x08000491   Thumb Code   132  strcmp.o(.text)
    __aeabi_uidiv                            0x08000519   Thumb Code     0  aeabi_sdiv.o(.text)
    __aeabi_uidivmod                         0x08000519   Thumb Code    20  aeabi_sdiv.o(.text)
    __aeabi_idiv                             0x0800052d   Thumb Code     0  aeabi_sdiv.o(.text)
    __aeabi_idivmod                          0x0800052d   Thumb Code   326  aeabi_sdiv.o(.text)
    __use_two_region_memory                  0x08000673   Thumb Code     2  heapauxi.o(.text)
    __rt_heap_escrow                         0x08000675   Thumb Code     2  heapauxi.o(.text)
    __rt_heap_expand                         0x08000677   Thumb Code     2  heapauxi.o(.text)
    __aeabi_d2f                              0x08000679   Thumb Code     0  d2f.o(.text)
    _d2f                                     0x08000679   Thumb Code   120  d2f.o(.text)
    __aeabi_dadd                             0x080009ed   Thumb Code     0  daddsub.o(.text)
    _dadd                                    0x080009ed   Thumb Code    26  daddsub.o(.text)
    __aeabi_dsub                             0x08000a07   Thumb Code     0  daddsub.o(.text)
    _dsub                                    0x08000a07   Thumb Code    22  daddsub.o(.text)
    __aeabi_drsub                            0x08000a1d   Thumb Code     0  daddsub.o(.text)
    _drsb                                    0x08000a1d   Thumb Code    28  daddsub.o(.text)
    __aeabi_ddiv                             0x08000a4d   Thumb Code     0  ddiv.o(.text)
    _ddiv                                    0x08000a4d   Thumb Code  1072  ddiv.o(.text)
    _drdiv                                   0x08000e7d   Thumb Code    20  ddiv.o(.text)
    __aeabi_d2uiz                            0x08000e95   Thumb Code     0  dfixui.o(.text)
    _dfixu                                   0x08000e95   Thumb Code    68  dfixui.o(.text)
    __aeabi_dmul                             0x08000edd   Thumb Code     0  dmul.o(.text)
    _dmul                                    0x08000edd   Thumb Code   558  dmul.o(.text)
    __aeabi_f2d                              0x08001125   Thumb Code     0  f2d.o(.text)
    _f2d                                     0x08001125   Thumb Code    80  f2d.o(.text)
    __aeabi_f2uiz                            0x08001179   Thumb Code     0  ffixui.o(.text)
    _ffixu                                   0x08001179   Thumb Code    48  ffixui.o(.text)
    __aeabi_i2f_normalise                    0x080011a9   Thumb Code    72  fflti.o(.text)
    __aeabi_i2f                              0x080011f1   Thumb Code    16  fflti.o(.text)
    _fflt                                    0x080011f1   Thumb Code     0  fflti.o(.text)
    __aeabi_ui2f                             0x08001201   Thumb Code     6  fflti.o(.text)
    _ffltu                                   0x08001201   Thumb Code     0  fflti.o(.text)
    __rt_locale                              0x08001209   Thumb Code     8  rt_locale_intlibspace.o(.text)
    __user_libspace                          0x08001211   Thumb Code     8  libspace.o(.text)
    __user_perproc_libspace                  0x08001211   Thumb Code     0  libspace.o(.text)
    __user_perthread_libspace                0x08001211   Thumb Code     0  libspace.o(.text)
    __I$use$semihosting                      0x08001219   Thumb Code     0  use_no_semi.o(.text)
    __use_no_semihosting_swi                 0x08001219   Thumb Code     2  use_no_semi.o(.text)
    __semihosting_library_function           0x0800121b   Thumb Code     0  indicate_semi.o(.text)
    __user_setup_stackheap                   0x0800121b   Thumb Code    62  sys_stackheap_outer.o(.text)
    exit                                     0x08001259   Thumb Code    16  exit.o(.text)
    _sys_exit                                0x08001269   Thumb Code     8  sys_exit.o(.text)
    BQ35100_GaugeStart                       0x08001275   Thumb Code    10  bq35100.o(i.BQ35100_GaugeStart)
    BQ35100_Init                             0x08001281   Thumb Code    44  bq35100.o(i.BQ35100_Init)
    BQ35100_ReadStatus                       0x080012b1   Thumb Code    78  bq35100.o(i.BQ35100_ReadStatus)
    BQ35100_SendControl                      0x08001305   Thumb Code    40  bq35100.o(i.BQ35100_SendControl)
    BQ35100_WaitInitComplete                 0x0800132d   Thumb Code    70  bq35100.o(i.BQ35100_WaitInitComplete)
    DMA1_Channel2_3_IRQHandler               0x08001375   Thumb Code    32  stm32l0xx_it.o(i.DMA1_Channel2_3_IRQHandler)
    DMA1_Channel4_5_6_7_IRQHandler           0x0800139d   Thumb Code    32  stm32l0xx_it.o(i.DMA1_Channel4_5_6_7_IRQHandler)
    EEPROM_ReadData                          0x080013f5   Thumb Code    48  eeprom.o(i.EEPROM_ReadData)
    EEPROM_WriteData                         0x0800142d   Thumb Code   128  eeprom.o(i.EEPROM_WriteData)
    EXTI4_15_IRQHandler                      0x080014b5   Thumb Code    34  stm32l0xx_it.o(i.EXTI4_15_IRQHandler)
    Error_Handler                            0x080014d7   Thumb Code     6  stm32l0xx_it.o(i.Error_Handler)
    FLASH_WaitForLastOperation               0x080015cd   Thumb Code   162  stm32l0xx_hal_flash.o(i.FLASH_WaitForLastOperation)
    FREEGPIO_Init                            0x08001675   Thumb Code    78  gpio.o(i.FREEGPIO_Init)
    GPIO_Init                                0x080016d5   Thumb Code   502  gpio.o(i.GPIO_Init)
    H2Srcv                                   0x080018e1   Thumb Code   178  h2s.o(i.H2Srcv)
    HAL_DMA_Abort                            0x08001999   Thumb Code    88  stm32l0xx_hal_dma.o(i.HAL_DMA_Abort)
    HAL_DMA_Abort_IT                         0x080019f1   Thumb Code    92  stm32l0xx_hal_dma.o(i.HAL_DMA_Abort_IT)
    HAL_DMA_IRQHandler                       0x08001a4d   Thumb Code   264  stm32l0xx_hal_dma.o(i.HAL_DMA_IRQHandler)
    HAL_DMA_Init                             0x08001b55   Thumb Code   158  stm32l0xx_hal_dma.o(i.HAL_DMA_Init)
    HAL_DMA_Start_IT                         0x08001bfd   Thumb Code   154  stm32l0xx_hal_dma.o(i.HAL_DMA_Start_IT)
    HAL_Delay                                0x08001c99   Thumb Code    38  stm32l0xx_hal.o(i.HAL_Delay)
    HAL_FLASHEx_DATAEEPROM_Erase             0x08001cc5   Thumb Code    36  stm32l0xx_hal_flash_ex.o(i.HAL_FLASHEx_DATAEEPROM_Erase)
    HAL_FLASHEx_DATAEEPROM_Lock              0x08001cf1   Thumb Code    16  stm32l0xx_hal_flash_ex.o(i.HAL_FLASHEx_DATAEEPROM_Lock)
    HAL_FLASHEx_DATAEEPROM_Program           0x08001d05   Thumb Code    98  stm32l0xx_hal_flash_ex.o(i.HAL_FLASHEx_DATAEEPROM_Program)
    HAL_FLASHEx_DATAEEPROM_Unlock            0x08001d71   Thumb Code    62  stm32l0xx_hal_flash_ex.o(i.HAL_FLASHEx_DATAEEPROM_Unlock)
    HAL_GPIO_EXTI_Callback                   0x08001dbd   Thumb Code    68  gpio.o(i.HAL_GPIO_EXTI_Callback)
    HAL_GPIO_EXTI_IRQHandler                 0x08001e05   Thumb Code    26  stm32l0xx_hal_gpio.o(i.HAL_GPIO_EXTI_IRQHandler)
    HAL_GPIO_Init                            0x08001e25   Thumb Code   478  stm32l0xx_hal_gpio.o(i.HAL_GPIO_Init)
    HAL_GPIO_TogglePin                       0x08002025   Thumb Code    20  stm32l0xx_hal_gpio.o(i.HAL_GPIO_TogglePin)
    HAL_GPIO_WritePin                        0x08002039   Thumb Code    12  stm32l0xx_hal_gpio.o(i.HAL_GPIO_WritePin)
    HAL_GetTick                              0x08002045   Thumb Code     6  stm32l0xx_hal.o(i.HAL_GetTick)
    HAL_I2CEx_ConfigAnalogFilter             0x08002051   Thumb Code   110  stm32l0xx_hal_i2c_ex.o(i.HAL_I2CEx_ConfigAnalogFilter)
    HAL_I2CEx_ConfigDigitalFilter            0x080020bf   Thumb Code   112  stm32l0xx_hal_i2c_ex.o(i.HAL_I2CEx_ConfigDigitalFilter)
    HAL_I2C_Init                             0x08002131   Thumb Code   232  stm32l0xx_hal_i2c.o(i.HAL_I2C_Init)
    HAL_I2C_Mem_Read                         0x0800221d   Thumb Code   418  stm32l0xx_hal_i2c.o(i.HAL_I2C_Mem_Read)
    HAL_I2C_Mem_Write                        0x080023c9   Thumb Code   414  stm32l0xx_hal_i2c.o(i.HAL_I2C_Mem_Write)
    HAL_I2C_MspInit                          0x0800256d   Thumb Code     2  stm32l0xx_hal_i2c.o(i.HAL_I2C_MspInit)
    HAL_IncTick                              0x08002571   Thumb Code    16  stm32l0xx_hal.o(i.HAL_IncTick)
    HAL_Init                                 0x08002589   Thumb Code    38  stm32l0xx_hal.o(i.HAL_Init)
    HAL_InitTick                             0x080025b5   Thumb Code    70  stm32l0xx_hal.o(i.HAL_InitTick)
    HAL_MspInit                              0x08002609   Thumb Code    26  stm32l0xx_hal_msp.o(i.HAL_MspInit)
    HAL_NVIC_EnableIRQ                       0x08002629   Thumb Code    22  stm32l0xx_hal_cortex.o(i.HAL_NVIC_EnableIRQ)
    HAL_NVIC_SetPriority                     0x08002645   Thumb Code    18  stm32l0xx_hal_cortex.o(i.HAL_NVIC_SetPriority)
    HAL_PWR_EnableBkUpAccess                 0x08002659   Thumb Code    16  stm32l0xx_hal_pwr.o(i.HAL_PWR_EnableBkUpAccess)
    HAL_RCCEx_PeriphCLKConfig                0x0800266d   Thumb Code   584  stm32l0xx_hal_rcc_ex.o(i.HAL_RCCEx_PeriphCLKConfig)
    HAL_RCC_ClockConfig                      0x080028c1   Thumb Code   540  stm32l0xx_hal_rcc.o(i.HAL_RCC_ClockConfig)
    HAL_RCC_GetHCLKFreq                      0x08002af5   Thumb Code     6  stm32l0xx_hal_rcc.o(i.HAL_RCC_GetHCLKFreq)
    HAL_RCC_GetPCLK1Freq                     0x08002b01   Thumb Code    26  stm32l0xx_hal_rcc.o(i.HAL_RCC_GetPCLK1Freq)
    HAL_RCC_GetPCLK2Freq                     0x08002b25   Thumb Code    26  stm32l0xx_hal_rcc.o(i.HAL_RCC_GetPCLK2Freq)
    HAL_RCC_GetSysClockFreq                  0x08002b49   Thumb Code   186  stm32l0xx_hal_rcc.o(i.HAL_RCC_GetSysClockFreq)
    HAL_RCC_OscConfig                        0x08002c19   Thumb Code  1596  stm32l0xx_hal_rcc.o(i.HAL_RCC_OscConfig)
    HAL_RTCEx_WakeUpTimerEventCallback       0x08003261   Thumb Code    20  rtc.o(i.HAL_RTCEx_WakeUpTimerEventCallback)
    HAL_RTCEx_WakeUpTimerIRQHandler          0x0800327d   Thumb Code    72  stm32l0xx_hal_rtc_ex.o(i.HAL_RTCEx_WakeUpTimerIRQHandler)
    HAL_RTC_Init                             0x080032cd   Thumb Code   200  stm32l0xx_hal_rtc.o(i.HAL_RTC_Init)
    HAL_RTC_MspInit                          0x08003399   Thumb Code     2  stm32l0xx_hal_rtc.o(i.HAL_RTC_MspInit)
    HAL_RTC_WaitForSynchro                   0x0800339d   Thumb Code    54  stm32l0xx_hal_rtc.o(i.HAL_RTC_WaitForSynchro)
    HAL_SYSTICK_Config                       0x080033d9   Thumb Code    46  stm32l0xx_hal_cortex.o(i.HAL_SYSTICK_Config)
    HAL_TIMEx_MasterConfigSynchronization    0x08003411   Thumb Code   128  stm32l0xx_hal_tim_ex.o(i.HAL_TIMEx_MasterConfigSynchronization)
    HAL_TIM_Base_Init                        0x0800349d   Thumb Code    80  stm32l0xx_hal_tim.o(i.HAL_TIM_Base_Init)
    HAL_TIM_Base_MspInit                     0x080034ed   Thumb Code     2  stm32l0xx_hal_tim.o(i.HAL_TIM_Base_MspInit)
    HAL_TIM_Base_Start_IT                    0x080034f1   Thumb Code   108  stm32l0xx_hal_tim.o(i.HAL_TIM_Base_Start_IT)
    HAL_TIM_ConfigClockSource                0x08003569   Thumb Code   280  stm32l0xx_hal_tim.o(i.HAL_TIM_ConfigClockSource)
    HAL_TIM_IC_CaptureCallback               0x08003681   Thumb Code     2  stm32l0xx_hal_tim.o(i.HAL_TIM_IC_CaptureCallback)
    HAL_TIM_IRQHandler                       0x08003683   Thumb Code   314  stm32l0xx_hal_tim.o(i.HAL_TIM_IRQHandler)
    HAL_TIM_OC_DelayElapsedCallback          0x080037bd   Thumb Code     2  stm32l0xx_hal_tim.o(i.HAL_TIM_OC_DelayElapsedCallback)
    HAL_TIM_PWM_PulseFinishedCallback        0x080037bf   Thumb Code     2  stm32l0xx_hal_tim.o(i.HAL_TIM_PWM_PulseFinishedCallback)
    HAL_TIM_PeriodElapsedCallback            0x080037c1   Thumb Code     2  stm32l0xx_hal_tim.o(i.HAL_TIM_PeriodElapsedCallback)
    HAL_TIM_TriggerCallback                  0x080037c3   Thumb Code     2  stm32l0xx_hal_tim.o(i.HAL_TIM_TriggerCallback)
    HAL_UARTEx_ReceiveToIdle_DMA             0x080037c5   Thumb Code   136  stm32l0xx_hal_uart_ex.o(i.HAL_UARTEx_ReceiveToIdle_DMA)
    HAL_UARTEx_RxEventCallback               0x0800384d   Thumb Code   482  usart.o(i.HAL_UARTEx_RxEventCallback)
    HAL_UARTEx_WakeupCallback                0x08003a7d   Thumb Code     2  stm32l0xx_hal_uart_ex.o(i.HAL_UARTEx_WakeupCallback)
    HAL_UART_ErrorCallback                   0x08003a81   Thumb Code   160  usart.o(i.HAL_UART_ErrorCallback)
    HAL_UART_IRQHandler                      0x08003b31   Thumb Code  1028  stm32l0xx_hal_uart.o(i.HAL_UART_IRQHandler)
    HAL_UART_Init                            0x08003f35   Thumb Code   126  stm32l0xx_hal_uart.o(i.HAL_UART_Init)
    HAL_UART_MspInit                         0x08003fb3   Thumb Code     2  stm32l0xx_hal_uart.o(i.HAL_UART_MspInit)
    HAL_UART_RxCpltCallback                  0x08003fb5   Thumb Code     2  stm32l0xx_hal_uart.o(i.HAL_UART_RxCpltCallback)
    HAL_UART_RxHalfCpltCallback              0x08003fb7   Thumb Code     2  stm32l0xx_hal_uart.o(i.HAL_UART_RxHalfCpltCallback)
    HAL_UART_TxCpltCallback                  0x08003fb9   Thumb Code     2  stm32l0xx_hal_uart.o(i.HAL_UART_TxCpltCallback)
    HardFault_Handler                        0x08003fbb   Thumb Code     4  stm32l0xx_it.o(i.HardFault_Handler)
    I2C1_Init                                0x08003fc1   Thumb Code   160  i2c.o(i.I2C1_Init)
    I2C_Read_Buffer                          0x08004205   Thumb Code    32  i2c.o(i.I2C_Read_Buffer)
    I2C_Write_Buffer                         0x080044b9   Thumb Code    32  i2c.o(i.I2C_Write_Buffer)
    Modbus_CRC16                             0x080044dd   Thumb Code    56  dataprocess.o(i.Modbus_CRC16)
    NMI_Handler                              0x0800451d   Thumb Code     4  stm32l0xx_it.o(i.NMI_Handler)
    RTC_EnterInitMode                        0x08004521   Thumb Code    82  stm32l0xx_hal_rtc.o(i.RTC_EnterInitMode)
    RTC_ExitInitMode                         0x08004573   Thumb Code    52  stm32l0xx_hal_rtc.o(i.RTC_ExitInitMode)
    RTC_IRQHandler                           0x080045a9   Thumb Code    10  stm32l0xx_it.o(i.RTC_IRQHandler)
    RTC_Init                                 0x080045b9   Thumb Code    76  rtc.o(i.RTC_Init)
    Radarrcv                                 0x08004611   Thumb Code   108  radar.o(i.Radarrcv)
    SVC_Handler                              0x08004681   Thumb Code     2  port.o(i.SVC_Handler)
    Sensor_PowerOn                           0x08004685   Thumb Code    52  lowpower.o(i.Sensor_PowerOn)
    SysTick_Handler                          0x080046bd   Thumb Code    24  stm32l0xx_it.o(i.SysTick_Handler)
    SystemClock_Config                       0x080046d9   Thumb Code   206  sysclk.o(i.SystemClock_Config)
    SystemInit                               0x080047b1   Thumb Code     2  system_stm32l0xx.o(i.SystemInit)
    TIM3_IRQHandler                          0x080047b5   Thumb Code    48  stm32l0xx_it.o(i.TIM3_IRQHandler)
    TIM3_Init                                0x080047f1   Thumb Code   132  tim.o(i.TIM3_Init)
    UART_AdvFeatureConfig                    0x080049a1   Thumb Code   240  stm32l0xx_hal_uart.o(i.UART_AdvFeatureConfig)
    UART_CheckIdleState                      0x08004a91   Thumb Code   252  stm32l0xx_hal_uart.o(i.UART_CheckIdleState)
    UART_SetConfig                           0x08004e15   Thumb Code   772  stm32l0xx_hal_uart.o(i.UART_SetConfig)
    UART_Start_Receive_DMA                   0x08005145   Thumb Code   206  stm32l0xx_hal_uart.o(i.UART_Start_Receive_DMA)
    UART_WaitOnFlagUntilTimeout              0x08005221   Thumb Code   180  stm32l0xx_hal_uart.o(i.UART_WaitOnFlagUntilTimeout)
    USART1_IRQHandler                        0x080052d5   Thumb Code    10  stm32l0xx_it.o(i.USART1_IRQHandler)
    USART2_IRQHandler                        0x080052e5   Thumb Code    10  stm32l0xx_it.o(i.USART2_IRQHandler)
    USART4_5_IRQHandler                      0x080052f5   Thumb Code    32  stm32l0xx_it.o(i.USART4_5_IRQHandler)
    USART4_Init                              0x0800531d   Thumb Code   224  usart.o(i.USART4_Init)
    __ARM_common_ll_muluu                    0x08005411   Thumb Code    48  stm32l0xx_hal_uart.o(i.__ARM_common_ll_muluu)
    __ARM_common_switch8                     0x08005441   Thumb Code    28  dataprocess.o(i.__ARM_common_switch8)
    appNetTask                               0x080054f9   Thumb Code    10  nettask.o(i.appNetTask)
    appSlowTask                              0x08005505   Thumb Code    58  slowtask.o(i.appSlowTask)
    appUartTask                              0x08005545   Thumb Code    96  uarttask.o(i.appUartTask)
    flashDataInit                            0x080055fd   Thumb Code    52  eeprom.o(i.flashDataInit)
    flashReadFromEEPROM                      0x080056a1   Thumb Code   108  eeprom.o(i.flashReadFromEEPROM)
    flashWriteToEEPROM                       0x08005719   Thumb Code    70  eeprom.o(i.flashWriteToEEPROM)
    hex_string_to_int                        0x0800576d   Thumb Code   108  dataprocess.o(i.hex_string_to_int)
    laserCH4rcv                              0x080057d9   Thumb Code   110  ch4.o(i.laserCH4rcv)
    main                                     0x08005851   Thumb Code   128  main.o(i.main)
    osDelay                                  0x08005905   Thumb Code    50  cmsis_os2.o(i.osDelay)
    osKernelInitialize                       0x0800593d   Thumb Code    58  cmsis_os2.o(i.osKernelInitialize)
    osKernelStart                            0x0800597d   Thumb Code    66  cmsis_os2.o(i.osKernelStart)
    osThreadNew                              0x080059c5   Thumb Code   224  cmsis_os2.o(i.osThreadNew)
    praseCH4Data                             0x08005aa9   Thumb Code   160  ch4.o(i.praseCH4Data)
    praseH2SData                             0x08005b55   Thumb Code    84  h2s.o(i.praseH2SData)
    praseRadarData                           0x08005bb1   Thumb Code    54  radar.o(i.praseRadarData)
    pvPortMalloc                             0x080065e9   Thumb Code   264  heap_4.o(i.pvPortMalloc)
    pvTaskIncrementMutexHeldCount            0x08006705   Thumb Code    28  tasks.o(i.pvTaskIncrementMutexHeldCount)
    pxPortInitialiseStack                    0x08006725   Thumb Code    26  port.o(i.pxPortInitialiseStack)
    ringBufInit                              0x08006745   Thumb Code    82  dataprocess.o(i.ringBufInit)
    ring_buf_available                       0x080067a9   Thumb Code    18  dataprocess.o(i.ring_buf_available)
    ring_buf_clear                           0x080067bb   Thumb Code    14  dataprocess.o(i.ring_buf_clear)
    ring_buf_drop                            0x080067c9   Thumb Code    38  dataprocess.o(i.ring_buf_drop)
    ring_buf_init                            0x080067ef   Thumb Code    14  dataprocess.o(i.ring_buf_init)
    ring_buf_is_empty                        0x080067fd   Thumb Code    24  dataprocess.o(i.ring_buf_is_empty)
    ring_buf_peek                            0x08006815   Thumb Code    34  dataprocess.o(i.ring_buf_peek)
    ring_buf_peek_n                          0x08006837   Thumb Code    60  dataprocess.o(i.ring_buf_peek_n)
    ring_buf_read                            0x08006873   Thumb Code    70  dataprocess.o(i.ring_buf_read)
    ring_buf_write                           0x080068b9   Thumb Code    76  dataprocess.o(i.ring_buf_write)
    str_to_float                             0x08006905   Thumb Code   198  dataprocess.o(i.str_to_float)
    uartRcvStart                             0x080069d5   Thumb Code   270  usart.o(i.uartRcvStart)
    uxListRemove                             0x08006b19   Thumb Code    40  list.o(i.uxListRemove)
    vApplicationGetIdleTaskMemory            0x08006b41   Thumb Code    16  cmsis_os2.o(i.vApplicationGetIdleTaskMemory)
    vApplicationGetTimerTaskMemory           0x08006b59   Thumb Code    16  cmsis_os2.o(i.vApplicationGetTimerTaskMemory)
    vListInitialise                          0x08006b71   Thumb Code    26  list.o(i.vListInitialise)
    vListInitialiseItem                      0x08006b8b   Thumb Code     6  list.o(i.vListInitialiseItem)
    vListInsert                              0x08006b91   Thumb Code    54  list.o(i.vListInsert)
    vListInsertEnd                           0x08006bc7   Thumb Code    24  list.o(i.vListInsertEnd)
    vPortEnterCritical                       0x08006be1   Thumb Code    22  port.o(i.vPortEnterCritical)
    vPortExitCritical                        0x08006bfd   Thumb Code    36  port.o(i.vPortExitCritical)
    vPortFree                                0x08006c25   Thumb Code   120  heap_4.o(i.vPortFree)
    vPortYield                               0x08006ca5   Thumb Code    18  port.o(i.vPortYield)
    vQueueAddToRegistry                      0x08006cbd   Thumb Code    40  queue.o(i.vQueueAddToRegistry)
    vQueueWaitForMessageRestricted           0x08006ce9   Thumb Code    76  queue.o(i.vQueueWaitForMessageRestricted)
    vTaskDelay                               0x08006d35   Thumb Code    62  tasks.o(i.vTaskDelay)
    vTaskInternalSetTimeOutState             0x08006d79   Thumb Code    14  tasks.o(i.vTaskInternalSetTimeOutState)
    vTaskMissedYield                         0x08006d91   Thumb Code     8  tasks.o(i.vTaskMissedYield)
    vTaskPlaceOnEventList                    0x08006d9d   Thumb Code    38  tasks.o(i.vTaskPlaceOnEventList)
    vTaskPlaceOnEventListRestricted          0x08006dc9   Thumb Code    48  tasks.o(i.vTaskPlaceOnEventListRestricted)
    vTaskPriorityDisinheritAfterTimeout      0x08006dfd   Thumb Code   164  tasks.o(i.vTaskPriorityDisinheritAfterTimeout)
    vTaskStartScheduler                      0x08006ead   Thumb Code   130  tasks.o(i.vTaskStartScheduler)
    vTaskSuspendAll                          0x08006f4d   Thumb Code    12  tasks.o(i.vTaskSuspendAll)
    vTaskSwitchContext                       0x08006f5d   Thumb Code   108  tasks.o(i.vTaskSwitchContext)
    xPortStartScheduler                      0x08006fdd   Thumb Code    48  port.o(i.xPortStartScheduler)
    xPortSysTickHandler                      0x08007015   Thumb Code    32  port.o(i.xPortSysTickHandler)
    xQueueGenericCreate                      0x08007039   Thumb Code    90  queue.o(i.xQueueGenericCreate)
    xQueueGenericCreateStatic                0x08007093   Thumb Code   160  queue.o(i.xQueueGenericCreateStatic)
    xQueueGenericReset                       0x08007133   Thumb Code   130  queue.o(i.xQueueGenericReset)
    xQueueGenericSend                        0x080071b5   Thumb Code   346  queue.o(i.xQueueGenericSend)
    xQueueGenericSendFromISR                 0x0800730f   Thumb Code   188  queue.o(i.xQueueGenericSendFromISR)
    xQueueGiveFromISR                        0x080073cb   Thumb Code   170  queue.o(i.xQueueGiveFromISR)
    xQueueReceive                            0x08007475   Thumb Code   312  queue.o(i.xQueueReceive)
    xQueueSemaphoreTake                      0x080075ad   Thumb Code   382  queue.o(i.xQueueSemaphoreTake)
    xTaskCheckForTimeOut                     0x0800772d   Thumb Code   106  tasks.o(i.xTaskCheckForTimeOut)
    xTaskCreate                              0x080077a1   Thumb Code    98  tasks.o(i.xTaskCreate)
    xTaskCreateStatic                        0x08007803   Thumb Code   136  tasks.o(i.xTaskCreateStatic)
    xTaskGetSchedulerState                   0x0800788d   Thumb Code    28  tasks.o(i.xTaskGetSchedulerState)
    xTaskGetTickCount                        0x080078b1   Thumb Code     6  tasks.o(i.xTaskGetTickCount)
    xTaskIncrementTick                       0x080078bd   Thumb Code   270  tasks.o(i.xTaskIncrementTick)
    xTaskPriorityDisinherit                  0x080079f9   Thumb Code   124  tasks.o(i.xTaskPriorityDisinherit)
    xTaskPriorityInherit                     0x08007a81   Thumb Code   150  tasks.o(i.xTaskPriorityInherit)
    xTaskRemoveFromEventList                 0x08007b25   Thumb Code   112  tasks.o(i.xTaskRemoveFromEventList)
    xTaskResumeAll                           0x08007bad   Thumb Code   206  tasks.o(i.xTaskResumeAll)
    xTimerCreateTimerTask                    0x08007c9d   Thumb Code    90  timers.o(i.xTimerCreateTimerTask)
    xTimerGenericCommand                     0x08007d0d   Thumb Code   110  timers.o(i.xTimerGenericCommand)
    _get_lc_ctype                            0x08007d81   Thumb Code    44  lc_ctype_c.o(locale$$code)
    __aeabi_fadd                             0x08007dad   Thumb Code     0  faddsub.o(x$fpl$fadd)
    _fadd                                    0x08007dad   Thumb Code   134  faddsub.o(x$fpl$fadd)
    __aeabi_fmul                             0x08007e39   Thumb Code     0  fmul.o(x$fpl$fmul)
    _fmul                                    0x08007e39   Thumb Code   172  fmul.o(x$fpl$fmul)
    __aeabi_fsub                             0x08007ee9   Thumb Code     0  faddsub.o(x$fpl$fsub)
    _fsub                                    0x08007ee9   Thumb Code   204  faddsub.o(x$fpl$fsub)
    __I$use$fp                               0x08007fb8   Number         0  usenofp.o(x$fpl$usenofp)
    netTask_attributes                       0x08007fb8   Data          36  main.o(.constdata)
    slowTask_attributes                      0x08007fdc   Data          36  main.o(.constdata)
    uartTask_attributes                      0x08008000   Data          36  main.o(.constdata)
    AHBPrescTable                            0x08008024   Data          16  system_stm32l0xx.o(.constdata)
    APBPrescTable                            0x08008034   Data           8  system_stm32l0xx.o(.constdata)
    PLLMulTable                              0x0800803c   Data           9  system_stm32l0xx.o(.constdata)
    Region$$Table$$Base                      0x080080e8   Number         0  anon$$obj.o(Region$$Table)
    Region$$Table$$Limit                     0x08008108   Number         0  anon$$obj.o(Region$$Table)
    __ctype                                  0x08008115   Data           0  lc_ctype_c.o(locale$$data)
    netTaskHandle                            0x20000000   Data           4  main.o(.data)
    slowTaskHandle                           0x20000004   Data           4  main.o(.data)
    uartTaskHandle                           0x20000008   Data           4  main.o(.data)
    xTim3Sem                                 0x2000000c   Data           4  main.o(.data)
    xUartEvtQueue                            0x20000010   Data           4  main.o(.data)
    stu_flag                                 0x20000014   Data           5  main.o(.data)
    sm                                       0x2000001c   Data           8  main.o(.data)
    SystemCoreClock                          0x20000024   Data           4  system_stm32l0xx.o(.data)
    stu_uart                                 0x20000028   Data           1  usart.o(.data)
    leng                                     0x2000002c   Data           4  usart.o(.data)
    uwTick                                   0x20000038   Data           4  stm32l0xx_hal.o(.data)
    uwTickPrio                               0x2000003c   Data           4  stm32l0xx_hal.o(.data)
    uwTickFreq                               0x20000040   Data           1  stm32l0xx_hal.o(.data)
    pxCurrentTCB                             0x20000044   Data           4  tasks.o(.data)
    stu_sensor                               0x200000b4   Data          72  dataprocess.o(.bss)
    rb_usart1                                0x200000fc   Data         260  dataprocess.o(.bss)
    rb_usart2                                0x20000200   Data         260  dataprocess.o(.bss)
    rb_usart4                                0x20000304   Data         260  dataprocess.o(.bss)
    rb_usart5                                0x20000408   Data         260  dataprocess.o(.bss)
    hi2c1                                    0x2000050c   Data          84  i2c.o(.bss)
    htim3                                    0x20000560   Data          64  tim.o(.bss)
    huart1                                   0x200005a0   Data         136  usart.o(.bss)
    huart2                                   0x20000628   Data         136  usart.o(.bss)
    huart4                                   0x200006b0   Data         136  usart.o(.bss)
    huart5                                   0x20000738   Data         136  usart.o(.bss)
    hdma_usart1_rx                           0x200007c0   Data          72  usart.o(.bss)
    hdma_usart2_rx                           0x20000808   Data          72  usart.o(.bss)
    hdma_usart4_rx                           0x20000850   Data          72  usart.o(.bss)
    hdma_usart5_rx                           0x20000898   Data          72  usart.o(.bss)
    uart1_rxbuffer                           0x200008e0   Data         256  usart.o(.bss)
    uart2_rxbuffer                           0x200009e0   Data         256  usart.o(.bss)
    uart4_rxbuffer                           0x20000ae0   Data         256  usart.o(.bss)
    uart5_rxbuffer                           0x20000be0   Data         256  usart.o(.bss)
    hrtc                                     0x20000ce0   Data          36  rtc.o(.bss)
    bq35100                                  0x20000d04   Data          24  bq35100.o(.bss)
    stu_flash                                0x20000d20   Data         200  eeprom.o(.bss)
    stu_flashjson                            0x20000de8   Data         200  eeprom.o(.bss)
    pFlash                                   0x20000eb0   Data          24  stm32l0xx_hal_flash.o(.bss)
    xQueueRegistry                           0x20000ec8   Data          64  queue.o(.bss)
    __libspace_start                         0x2000359c   Data          96  libspace.o(.bss)
    __temporary_stack_top$libspace           0x200035fc   Data           0  libspace.o(.bss)



==============================================================================

Memory Map of the image

  Image Entry point : 0x080000c1

  Load Region LR_IROM1 (Base: 0x08000000, Size: 0x000082cc, Max: 0x00020000, ABSOLUTE)

    Execution Region ER_IROM1 (Exec base: 0x08000000, Load base: 0x08000000, Size: 0x00008218, Max: 0x00020000, ABSOLUTE)

    Exec Addr    Load Addr    Size         Type   Attr      Idx    E Section Name        Object

    0x08000000   0x08000000   0x000000c0   Data   RO         4644    RESET               startup_stm32l071xx.o
    0x080000c0   0x080000c0   0x00000008   Code   RO         7696  * !!!main             c_p.l(__main.o)
    0x080000c8   0x080000c8   0x0000003c   Code   RO         8201    !!!scatter          c_p.l(__scatter.o)
    0x08000104   0x08000104   0x0000001a   Code   RO         8203    !!handler_copy      c_p.l(__scatter_copy.o)
    0x0800011e   0x0800011e   0x00000002   PAD
    0x08000120   0x08000120   0x0000001c   Code   RO         8205    !!handler_zi        c_p.l(__scatter_zi.o)
    0x0800013c   0x0800013c   0x00000002   Code   RO         8078    .ARM.Collect$$libinit$$00000000  c_p.l(libinit.o)
    0x0800013e   0x0800013e   0x00000000   Code   RO         7854    .ARM.Collect$$libinit$$00000002  c_p.l(libinit2.o)
    0x0800013e   0x0800013e   0x00000000   Code   RO         7856    .ARM.Collect$$libinit$$00000004  c_p.l(libinit2.o)
    0x0800013e   0x0800013e   0x00000000   Code   RO         7859    .ARM.Collect$$libinit$$0000000A  c_p.l(libinit2.o)
    0x0800013e   0x0800013e   0x00000000   Code   RO         7861    .ARM.Collect$$libinit$$0000000C  c_p.l(libinit2.o)
    0x0800013e   0x0800013e   0x00000000   Code   RO         7863    .ARM.Collect$$libinit$$0000000E  c_p.l(libinit2.o)
    0x0800013e   0x0800013e   0x00000006   Code   RO         7864    .ARM.Collect$$libinit$$0000000F  c_p.l(libinit2.o)
    0x08000144   0x08000144   0x00000000   Code   RO         7866    .ARM.Collect$$libinit$$00000011  c_p.l(libinit2.o)
    0x08000144   0x08000144   0x0000000c   Code   RO         7867    .ARM.Collect$$libinit$$00000012  c_p.l(libinit2.o)
    0x08000150   0x08000150   0x00000000   Code   RO         7868    .ARM.Collect$$libinit$$00000013  c_p.l(libinit2.o)
    0x08000150   0x08000150   0x00000000   Code   RO         7870    .ARM.Collect$$libinit$$00000015  c_p.l(libinit2.o)
    0x08000150   0x08000150   0x00000000   Code   RO         7872    .ARM.Collect$$libinit$$00000017  c_p.l(libinit2.o)
    0x08000150   0x08000150   0x00000000   Code   RO         7874    .ARM.Collect$$libinit$$00000019  c_p.l(libinit2.o)
    0x08000150   0x08000150   0x00000000   Code   RO         7876    .ARM.Collect$$libinit$$0000001B  c_p.l(libinit2.o)
    0x08000150   0x08000150   0x00000000   Code   RO         7878    .ARM.Collect$$libinit$$0000001D  c_p.l(libinit2.o)
    0x08000150   0x08000150   0x00000000   Code   RO         7880    .ARM.Collect$$libinit$$0000001F  c_p.l(libinit2.o)
    0x08000150   0x08000150   0x00000000   Code   RO         7882    .ARM.Collect$$libinit$$00000021  c_p.l(libinit2.o)
    0x08000150   0x08000150   0x00000000   Code   RO         7884    .ARM.Collect$$libinit$$00000023  c_p.l(libinit2.o)
    0x08000150   0x08000150   0x00000000   Code   RO         7886    .ARM.Collect$$libinit$$00000025  c_p.l(libinit2.o)
    0x08000150   0x08000150   0x00000000   Code   RO         7890    .ARM.Collect$$libinit$$0000002C  c_p.l(libinit2.o)
    0x08000150   0x08000150   0x00000000   Code   RO         7892    .ARM.Collect$$libinit$$0000002E  c_p.l(libinit2.o)
    0x08000150   0x08000150   0x00000000   Code   RO         7894    .ARM.Collect$$libinit$$00000030  c_p.l(libinit2.o)
    0x08000150   0x08000150   0x00000000   Code   RO         7896    .ARM.Collect$$libinit$$00000032  c_p.l(libinit2.o)
    0x08000150   0x08000150   0x00000002   Code   RO         7897    .ARM.Collect$$libinit$$00000033  c_p.l(libinit2.o)
    0x08000152   0x08000152   0x00000002   Code   RO         8198    .ARM.Collect$$libshutdown$$00000000  c_p.l(libshutdown.o)
    0x08000154   0x08000154   0x00000000   Code   RO         8080    .ARM.Collect$$libshutdown$$00000002  c_p.l(libshutdown2.o)
    0x08000154   0x08000154   0x00000000   Code   RO         8082    .ARM.Collect$$libshutdown$$00000004  c_p.l(libshutdown2.o)
    0x08000154   0x08000154   0x00000000   Code   RO         8085    .ARM.Collect$$libshutdown$$00000007  c_p.l(libshutdown2.o)
    0x08000154   0x08000154   0x00000000   Code   RO         8088    .ARM.Collect$$libshutdown$$0000000A  c_p.l(libshutdown2.o)
    0x08000154   0x08000154   0x00000000   Code   RO         8090    .ARM.Collect$$libshutdown$$0000000C  c_p.l(libshutdown2.o)
    0x08000154   0x08000154   0x00000000   Code   RO         8093    .ARM.Collect$$libshutdown$$0000000F  c_p.l(libshutdown2.o)
    0x08000154   0x08000154   0x00000002   Code   RO         8094    .ARM.Collect$$libshutdown$$00000010  c_p.l(libshutdown2.o)
    0x08000156   0x08000156   0x00000000   Code   RO         7766    .ARM.Collect$$rtentry$$00000000  c_p.l(__rtentry.o)
    0x08000156   0x08000156   0x00000000   Code   RO         7927    .ARM.Collect$$rtentry$$00000002  c_p.l(__rtentry2.o)
    0x08000156   0x08000156   0x00000006   Code   RO         7939    .ARM.Collect$$rtentry$$00000004  c_p.l(__rtentry4.o)
    0x0800015c   0x0800015c   0x00000000   Code   RO         7929    .ARM.Collect$$rtentry$$00000009  c_p.l(__rtentry2.o)
    0x0800015c   0x0800015c   0x00000004   Code   RO         7930    .ARM.Collect$$rtentry$$0000000A  c_p.l(__rtentry2.o)
    0x08000160   0x08000160   0x00000000   Code   RO         7932    .ARM.Collect$$rtentry$$0000000C  c_p.l(__rtentry2.o)
    0x08000160   0x08000160   0x00000008   Code   RO         7933    .ARM.Collect$$rtentry$$0000000D  c_p.l(__rtentry2.o)
    0x08000168   0x08000168   0x00000002   Code   RO         8106    .ARM.Collect$$rtexit$$00000000  c_p.l(rtexit.o)
    0x0800016a   0x0800016a   0x00000000   Code   RO         8151    .ARM.Collect$$rtexit$$00000002  c_p.l(rtexit2.o)
    0x0800016a   0x0800016a   0x00000004   Code   RO         8152    .ARM.Collect$$rtexit$$00000003  c_p.l(rtexit2.o)
    0x0800016e   0x0800016e   0x00000006   Code   RO         8153    .ARM.Collect$$rtexit$$00000004  c_p.l(rtexit2.o)
    0x08000174   0x08000174   0x00000078   Code   RO         6611    .emb_text           port.o
    0x080001ec   0x080001ec   0x00000038   Code   RO         7676    .emb_text           c_p.l(rt_memcpy.o)
    0x08000224   0x08000224   0x00000038   Code   RO         4645    .text               startup_stm32l071xx.o
    0x0800025c   0x0800025c   0x00000010   Code   RO         7511    .text               c_p.l(rt_ctype_table.o)
    0x0800026c   0x0800026c   0x00000102   Code   RO         7581    .text               c_p.l(lludiv.o)
    0x0800036e   0x0800036e   0x00000002   PAD
    0x08000370   0x08000370   0x0000004c   Code   RO         7666    .text               c_p.l(strcpy.o)
    0x080003bc   0x080003bc   0x00000082   Code   RO         7677    .text               c_p.l(rt_memcpy.o)
    0x0800043e   0x0800043e   0x00000012   Code   RO         7682    .text               c_p.l(aeabi_memset.o)
    0x08000450   0x08000450   0x00000040   Code   RO         7684    .text               c_p.l(rt_memclr.o)
    0x08000490   0x08000490   0x00000088   Code   RO         7688    .text               c_p.l(strcmp.o)
    0x08000518   0x08000518   0x0000015a   Code   RO         7690    .text               c_p.l(aeabi_sdiv.o)
    0x08000672   0x08000672   0x00000006   Code   RO         7694    .text               c_p.l(heapauxi.o)
    0x08000678   0x08000678   0x0000007c   Code   RO         7698    .text               fz_ps.l(d2f.o)
    0x080006f4   0x080006f4   0x00000358   Code   RO         7700    .text               fz_ps.l(daddsub.o)
    0x08000a4c   0x08000a4c   0x00000448   Code   RO         7702    .text               fz_ps.l(ddiv.o)
    0x08000e94   0x08000e94   0x00000048   Code   RO         7709    .text               fz_ps.l(dfixui.o)
    0x08000edc   0x08000edc   0x00000248   Code   RO         7715    .text               fz_ps.l(dmul.o)
    0x08001124   0x08001124   0x00000054   Code   RO         7719    .text               fz_ps.l(f2d.o)
    0x08001178   0x08001178   0x00000030   Code   RO         7730    .text               fz_ps.l(ffixui.o)
    0x080011a8   0x080011a8   0x0000005e   Code   RO         7732    .text               fz_ps.l(fflti.o)
    0x08001206   0x08001206   0x00000002   PAD
    0x08001208   0x08001208   0x00000008   Code   RO         7783    .text               c_p.l(rt_locale_intlibspace.o)
    0x08001210   0x08001210   0x00000008   Code   RO         7923    .text               c_p.l(libspace.o)
    0x08001218   0x08001218   0x00000002   Code   RO         8026    .text               c_p.l(use_no_semi.o)
    0x0800121a   0x0800121a   0x00000000   Code   RO         8028    .text               c_p.l(indicate_semi.o)
    0x0800121a   0x0800121a   0x0000003e   Code   RO         8029    .text               c_p.l(sys_stackheap_outer.o)
    0x08001258   0x08001258   0x00000010   Code   RO         8055    .text               c_p.l(exit.o)
    0x08001268   0x08001268   0x0000000c   Code   RO         8103    .text               c_p.l(sys_exit.o)
    0x08001274   0x08001274   0x0000000a   Code   RO         1338    i.BQ35100_GaugeStart  bq35100.o
    0x0800127e   0x0800127e   0x00000002   PAD
    0x08001280   0x08001280   0x00000030   Code   RO         1340    i.BQ35100_Init      bq35100.o
    0x080012b0   0x080012b0   0x00000054   Code   RO         1345    i.BQ35100_ReadStatus  bq35100.o
    0x08001304   0x08001304   0x00000028   Code   RO         1348    i.BQ35100_SendControl  bq35100.o
    0x0800132c   0x0800132c   0x00000046   Code   RO         1349    i.BQ35100_WaitInitComplete  bq35100.o
    0x08001372   0x08001372   0x00000002   PAD
    0x08001374   0x08001374   0x00000028   Code   RO          281    i.DMA1_Channel2_3_IRQHandler  stm32l0xx_it.o
    0x0800139c   0x0800139c   0x00000028   Code   RO          282    i.DMA1_Channel4_5_6_7_IRQHandler  stm32l0xx_it.o
    0x080013c4   0x080013c4   0x0000002e   Code   RO         2016    i.DMA_SetConfig     stm32l0xx_hal_dma.o
    0x080013f2   0x080013f2   0x00000002   PAD
    0x080013f4   0x080013f4   0x00000038   Code   RO         1568    i.EEPROM_ReadData   eeprom.o
    0x0800142c   0x0800142c   0x00000088   Code   RO         1569    i.EEPROM_WriteData  eeprom.o
    0x080014b4   0x080014b4   0x00000022   Code   RO          283    i.EXTI4_15_IRQHandler  stm32l0xx_it.o
    0x080014d6   0x080014d6   0x00000006   Code   RO          284    i.Error_Handler     stm32l0xx_it.o
    0x080014dc   0x080014dc   0x000000f0   Code   RO         2175    i.FLASH_SetErrorCode  stm32l0xx_hal_flash.o
    0x080015cc   0x080015cc   0x000000a8   Code   RO         2176    i.FLASH_WaitForLastOperation  stm32l0xx_hal_flash.o
    0x08001674   0x08001674   0x00000060   Code   RO          607    i.FREEGPIO_Init     gpio.o
    0x080016d4   0x080016d4   0x0000020c   Code   RO          608    i.GPIO_Init         gpio.o
    0x080018e0   0x080018e0   0x000000b8   Code   RO          870    i.H2Srcv            h2s.o
    0x08001998   0x08001998   0x00000058   Code   RO         2017    i.HAL_DMA_Abort     stm32l0xx_hal_dma.o
    0x080019f0   0x080019f0   0x0000005c   Code   RO         2018    i.HAL_DMA_Abort_IT  stm32l0xx_hal_dma.o
    0x08001a4c   0x08001a4c   0x00000108   Code   RO         2022    i.HAL_DMA_IRQHandler  stm32l0xx_hal_dma.o
    0x08001b54   0x08001b54   0x000000a8   Code   RO         2023    i.HAL_DMA_Init      stm32l0xx_hal_dma.o
    0x08001bfc   0x08001bfc   0x0000009a   Code   RO         2027    i.HAL_DMA_Start_IT  stm32l0xx_hal_dma.o
    0x08001c96   0x08001c96   0x00000002   PAD
    0x08001c98   0x08001c98   0x0000002c   Code   RO         1695    i.HAL_Delay         stm32l0xx_hal.o
    0x08001cc4   0x08001cc4   0x0000002c   Code   RO         2292    i.HAL_FLASHEx_DATAEEPROM_Erase  stm32l0xx_hal_flash_ex.o
    0x08001cf0   0x08001cf0   0x00000014   Code   RO         2293    i.HAL_FLASHEx_DATAEEPROM_Lock  stm32l0xx_hal_flash_ex.o
    0x08001d04   0x08001d04   0x0000006c   Code   RO         2294    i.HAL_FLASHEx_DATAEEPROM_Program  stm32l0xx_hal_flash_ex.o
    0x08001d70   0x08001d70   0x0000004c   Code   RO         2295    i.HAL_FLASHEx_DATAEEPROM_Unlock  stm32l0xx_hal_flash_ex.o
    0x08001dbc   0x08001dbc   0x00000048   Code   RO          609    i.HAL_GPIO_EXTI_Callback  gpio.o
    0x08001e04   0x08001e04   0x00000020   Code   RO         2501    i.HAL_GPIO_EXTI_IRQHandler  stm32l0xx_hal_gpio.o
    0x08001e24   0x08001e24   0x00000200   Code   RO         2502    i.HAL_GPIO_Init     stm32l0xx_hal_gpio.o
    0x08002024   0x08002024   0x00000014   Code   RO         2505    i.HAL_GPIO_TogglePin  stm32l0xx_hal_gpio.o
    0x08002038   0x08002038   0x0000000c   Code   RO         2506    i.HAL_GPIO_WritePin  stm32l0xx_hal_gpio.o
    0x08002044   0x08002044   0x0000000c   Code   RO         1699    i.HAL_GetTick       stm32l0xx_hal.o
    0x08002050   0x08002050   0x0000006e   Code   RO         3029    i.HAL_I2CEx_ConfigAnalogFilter  stm32l0xx_hal_i2c_ex.o
    0x080020be   0x080020be   0x00000070   Code   RO         3030    i.HAL_I2CEx_ConfigDigitalFilter  stm32l0xx_hal_i2c_ex.o
    0x0800212e   0x0800212e   0x00000002   PAD
    0x08002130   0x08002130   0x000000ec   Code   RO         2572    i.HAL_I2C_Init      stm32l0xx_hal_i2c.o
    0x0800221c   0x0800221c   0x000001ac   Code   RO         2590    i.HAL_I2C_Mem_Read  stm32l0xx_hal_i2c.o
    0x080023c8   0x080023c8   0x000001a4   Code   RO         2593    i.HAL_I2C_Mem_Write  stm32l0xx_hal_i2c.o
    0x0800256c   0x0800256c   0x00000002   Code   RO         2597    i.HAL_I2C_MspInit   stm32l0xx_hal_i2c.o
    0x0800256e   0x0800256e   0x00000002   PAD
    0x08002570   0x08002570   0x00000018   Code   RO         1705    i.HAL_IncTick       stm32l0xx_hal.o
    0x08002588   0x08002588   0x0000002c   Code   RO         1706    i.HAL_Init          stm32l0xx_hal.o
    0x080025b4   0x080025b4   0x00000054   Code   RO         1707    i.HAL_InitTick      stm32l0xx_hal.o
    0x08002608   0x08002608   0x00000020   Code   RO          465    i.HAL_MspInit       stm32l0xx_hal_msp.o
    0x08002628   0x08002628   0x0000001c   Code   RO         1899    i.HAL_NVIC_EnableIRQ  stm32l0xx_hal_cortex.o
    0x08002644   0x08002644   0x00000012   Code   RO         1903    i.HAL_NVIC_SetPriority  stm32l0xx_hal_cortex.o
    0x08002656   0x08002656   0x00000002   PAD
    0x08002658   0x08002658   0x00000014   Code   RO         3086    i.HAL_PWR_EnableBkUpAccess  stm32l0xx_hal_pwr.o
    0x0800266c   0x0800266c   0x00000254   Code   RO         3350    i.HAL_RCCEx_PeriphCLKConfig  stm32l0xx_hal_rcc_ex.o
    0x080028c0   0x080028c0   0x00000234   Code   RO         3252    i.HAL_RCC_ClockConfig  stm32l0xx_hal_rcc.o
    0x08002af4   0x08002af4   0x0000000c   Code   RO         3256    i.HAL_RCC_GetHCLKFreq  stm32l0xx_hal_rcc.o
    0x08002b00   0x08002b00   0x00000024   Code   RO         3258    i.HAL_RCC_GetPCLK1Freq  stm32l0xx_hal_rcc.o
    0x08002b24   0x08002b24   0x00000024   Code   RO         3259    i.HAL_RCC_GetPCLK2Freq  stm32l0xx_hal_rcc.o
    0x08002b48   0x08002b48   0x000000d0   Code   RO         3260    i.HAL_RCC_GetSysClockFreq  stm32l0xx_hal_rcc.o
    0x08002c18   0x08002c18   0x00000648   Code   RO         3263    i.HAL_RCC_OscConfig  stm32l0xx_hal_rcc.o
    0x08003260   0x08003260   0x0000001c   Code   RO          804    i.HAL_RTCEx_WakeUpTimerEventCallback  rtc.o
    0x0800327c   0x0800327c   0x00000050   Code   RO         4855    i.HAL_RTCEx_WakeUpTimerIRQHandler  stm32l0xx_hal_rtc_ex.o
    0x080032cc   0x080032cc   0x000000cc   Code   RO         4664    i.HAL_RTC_Init      stm32l0xx_hal_rtc.o
    0x08003398   0x08003398   0x00000002   Code   RO         4666    i.HAL_RTC_MspInit   stm32l0xx_hal_rtc.o
    0x0800339a   0x0800339a   0x00000002   PAD
    0x0800339c   0x0800339c   0x0000003c   Code   RO         4672    i.HAL_RTC_WaitForSynchro  stm32l0xx_hal_rtc.o
    0x080033d8   0x080033d8   0x00000038   Code   RO         1907    i.HAL_SYSTICK_Config  stm32l0xx_hal_cortex.o
    0x08003410   0x08003410   0x0000008c   Code   RO         4112    i.HAL_TIMEx_MasterConfigSynchronization  stm32l0xx_hal_tim_ex.o
    0x0800349c   0x0800349c   0x00000050   Code   RO         3407    i.HAL_TIM_Base_Init  stm32l0xx_hal_tim.o
    0x080034ec   0x080034ec   0x00000002   Code   RO         3409    i.HAL_TIM_Base_MspInit  stm32l0xx_hal_tim.o
    0x080034ee   0x080034ee   0x00000002   PAD
    0x080034f0   0x080034f0   0x00000078   Code   RO         3412    i.HAL_TIM_Base_Start_IT  stm32l0xx_hal_tim.o
    0x08003568   0x08003568   0x00000118   Code   RO         3416    i.HAL_TIM_ConfigClockSource  stm32l0xx_hal_tim.o
    0x08003680   0x08003680   0x00000002   Code   RO         3441    i.HAL_TIM_IC_CaptureCallback  stm32l0xx_hal_tim.o
    0x08003682   0x08003682   0x0000013a   Code   RO         3455    i.HAL_TIM_IRQHandler  stm32l0xx_hal_tim.o
    0x080037bc   0x080037bc   0x00000002   Code   RO         3458    i.HAL_TIM_OC_DelayElapsedCallback  stm32l0xx_hal_tim.o
    0x080037be   0x080037be   0x00000002   Code   RO         3485    i.HAL_TIM_PWM_PulseFinishedCallback  stm32l0xx_hal_tim.o
    0x080037c0   0x080037c0   0x00000002   Code   RO         3493    i.HAL_TIM_PeriodElapsedCallback  stm32l0xx_hal_tim.o
    0x080037c2   0x080037c2   0x00000002   Code   RO         3498    i.HAL_TIM_TriggerCallback  stm32l0xx_hal_tim.o
    0x080037c4   0x080037c4   0x00000088   Code   RO         4551    i.HAL_UARTEx_ReceiveToIdle_DMA  stm32l0xx_hal_uart_ex.o
    0x0800384c   0x0800384c   0x00000230   Code   RO          735    i.HAL_UARTEx_RxEventCallback  usart.o
    0x08003a7c   0x08003a7c   0x00000002   Code   RO         4554    i.HAL_UARTEx_WakeupCallback  stm32l0xx_hal_uart_ex.o
    0x08003a7e   0x08003a7e   0x00000002   PAD
    0x08003a80   0x08003a80   0x000000b0   Code   RO          736    i.HAL_UART_ErrorCallback  usart.o
    0x08003b30   0x08003b30   0x00000404   Code   RO         4166    i.HAL_UART_IRQHandler  stm32l0xx_hal_uart.o
    0x08003f34   0x08003f34   0x0000007e   Code   RO         4167    i.HAL_UART_Init     stm32l0xx_hal_uart.o
    0x08003fb2   0x08003fb2   0x00000002   Code   RO         4169    i.HAL_UART_MspInit  stm32l0xx_hal_uart.o
    0x08003fb4   0x08003fb4   0x00000002   Code   RO         4174    i.HAL_UART_RxCpltCallback  stm32l0xx_hal_uart.o
    0x08003fb6   0x08003fb6   0x00000002   Code   RO         4175    i.HAL_UART_RxHalfCpltCallback  stm32l0xx_hal_uart.o
    0x08003fb8   0x08003fb8   0x00000002   Code   RO         4179    i.HAL_UART_TxCpltCallback  stm32l0xx_hal_uart.o
    0x08003fba   0x08003fba   0x00000004   Code   RO          285    i.HardFault_Handler  stm32l0xx_it.o
    0x08003fbe   0x08003fbe   0x00000002   PAD
    0x08003fc0   0x08003fc0   0x000000b4   Code   RO          639    i.I2C1_Init         i2c.o
    0x08004074   0x08004074   0x00000032   Code   RO         2619    i.I2C_Flush_TXDR    stm32l0xx_hal_i2c.o
    0x080040a6   0x080040a6   0x00000002   PAD
    0x080040a8   0x080040a8   0x0000015c   Code   RO         2627    i.I2C_IsErrorOccurred  stm32l0xx_hal_i2c.o
    0x08004204   0x08004204   0x00000024   Code   RO          640    i.I2C_Read_Buffer   i2c.o
    0x08004228   0x08004228   0x00000080   Code   RO         2632    i.I2C_RequestMemoryRead  stm32l0xx_hal_i2c.o
    0x080042a8   0x080042a8   0x00000080   Code   RO         2633    i.I2C_RequestMemoryWrite  stm32l0xx_hal_i2c.o
    0x08004328   0x08004328   0x0000003c   Code   RO         2636    i.I2C_TransferConfig  stm32l0xx_hal_i2c.o
    0x08004364   0x08004364   0x0000007e   Code   RO         2638    i.I2C_WaitOnFlagUntilTimeout  stm32l0xx_hal_i2c.o
    0x080043e2   0x080043e2   0x00000066   Code   RO         2640    i.I2C_WaitOnSTOPFlagUntilTimeout  stm32l0xx_hal_i2c.o
    0x08004448   0x08004448   0x0000006e   Code   RO         2641    i.I2C_WaitOnTXISFlagUntilTimeout  stm32l0xx_hal_i2c.o
    0x080044b6   0x080044b6   0x00000002   PAD
    0x080044b8   0x080044b8   0x00000024   Code   RO          642    i.I2C_Write_Buffer  i2c.o
    0x080044dc   0x080044dc   0x00000040   Code   RO          486    i.Modbus_CRC16      dataprocess.o
    0x0800451c   0x0800451c   0x00000004   Code   RO          286    i.NMI_Handler       stm32l0xx_it.o
    0x08004520   0x08004520   0x00000052   Code   RO         4675    i.RTC_EnterInitMode  stm32l0xx_hal_rtc.o
    0x08004572   0x08004572   0x00000034   Code   RO         4676    i.RTC_ExitInitMode  stm32l0xx_hal_rtc.o
    0x080045a6   0x080045a6   0x00000002   PAD
    0x080045a8   0x080045a8   0x00000010   Code   RO          287    i.RTC_IRQHandler    stm32l0xx_it.o
    0x080045b8   0x080045b8   0x00000058   Code   RO          805    i.RTC_Init          rtc.o
    0x08004610   0x08004610   0x00000070   Code   RO          905    i.Radarrcv          radar.o
    0x08004680   0x08004680   0x00000002   Code   RO         6612    i.SVC_Handler       port.o
    0x08004682   0x08004682   0x00000002   PAD
    0x08004684   0x08004684   0x00000038   Code   RO         1628    i.Sensor_PowerOn    lowpower.o
    0x080046bc   0x080046bc   0x0000001c   Code   RO          288    i.SysTick_Handler   stm32l0xx_it.o
    0x080046d8   0x080046d8   0x000000d8   Code   RO          689    i.SystemClock_Config  sysclk.o
    0x080047b0   0x080047b0   0x00000002   Code   RO          433    i.SystemInit        system_stm32l0xx.o
    0x080047b2   0x080047b2   0x00000002   PAD
    0x080047b4   0x080047b4   0x0000003c   Code   RO          289    i.TIM3_IRQHandler   stm32l0xx_it.o
    0x080047f0   0x080047f0   0x00000094   Code   RO          709    i.TIM3_Init         tim.o
    0x08004884   0x08004884   0x00000084   Code   RO         3500    i.TIM_Base_SetConfig  stm32l0xx_hal_tim.o
    0x08004908   0x08004908   0x0000001c   Code   RO         3511    i.TIM_ETR_SetConfig  stm32l0xx_hal_tim.o
    0x08004924   0x08004924   0x00000018   Code   RO         3512    i.TIM_ITRx_SetConfig  stm32l0xx_hal_tim.o
    0x0800493c   0x0800493c   0x00000032   Code   RO         3518    i.TIM_TI1_ConfigInputStage  stm32l0xx_hal_tim.o
    0x0800496e   0x0800496e   0x00000032   Code   RO         3520    i.TIM_TI2_ConfigInputStage  stm32l0xx_hal_tim.o
    0x080049a0   0x080049a0   0x000000f0   Code   RO         4181    i.UART_AdvFeatureConfig  stm32l0xx_hal_uart.o
    0x08004a90   0x08004a90   0x00000100   Code   RO         4182    i.UART_CheckIdleState  stm32l0xx_hal_uart.o
    0x08004b90   0x08004b90   0x00000014   Code   RO         4183    i.UART_DMAAbortOnError  stm32l0xx_hal_uart.o
    0x08004ba4   0x08004ba4   0x00000058   Code   RO         4184    i.UART_DMAError     stm32l0xx_hal_uart.o
    0x08004bfc   0x08004bfc   0x000000ec   Code   RO         4185    i.UART_DMAReceiveCplt  stm32l0xx_hal_uart.o
    0x08004ce8   0x08004ce8   0x00000048   Code   RO         4187    i.UART_DMARxHalfCplt  stm32l0xx_hal_uart.o
    0x08004d30   0x08004d30   0x00000080   Code   RO         4193    i.UART_EndRxTransfer  stm32l0xx_hal_uart.o
    0x08004db0   0x08004db0   0x00000036   Code   RO         4194    i.UART_EndTransmit_IT  stm32l0xx_hal_uart.o
    0x08004de6   0x08004de6   0x0000002c   Code   RO         4195    i.UART_EndTxTransfer  stm32l0xx_hal_uart.o
    0x08004e12   0x08004e12   0x00000002   PAD
    0x08004e14   0x08004e14   0x00000330   Code   RO         4198    i.UART_SetConfig    stm32l0xx_hal_uart.o
    0x08005144   0x08005144   0x000000dc   Code   RO         4199    i.UART_Start_Receive_DMA  stm32l0xx_hal_uart.o
    0x08005220   0x08005220   0x000000b4   Code   RO         4203    i.UART_WaitOnFlagUntilTimeout  stm32l0xx_hal_uart.o
    0x080052d4   0x080052d4   0x00000010   Code   RO          290    i.USART1_IRQHandler  stm32l0xx_it.o
    0x080052e4   0x080052e4   0x00000010   Code   RO          291    i.USART2_IRQHandler  stm32l0xx_it.o
    0x080052f4   0x080052f4   0x00000028   Code   RO          292    i.USART4_5_IRQHandler  stm32l0xx_it.o
    0x0800531c   0x0800531c   0x000000f4   Code   RO          739    i.USART4_Init       usart.o
    0x08005410   0x08005410   0x00000030   Code   RO         4536    i.__ARM_common_ll_muluu  stm32l0xx_hal_uart.o
    0x08005440   0x08005440   0x0000001c   Code   RO          593    i.__ARM_common_switch8  dataprocess.o
    0x0800545c   0x0800545c   0x00000078   Code   RO         1909    i.__NVIC_SetPriority  stm32l0xx_hal_cortex.o
    0x080054d4   0x080054d4   0x00000006   Code   RO         6140    i.__get_IPSR        cmsis_os2.o
    0x080054da   0x080054da   0x00000006   Code   RO         4204    i.__get_PRIMASK     stm32l0xx_hal_uart.o
    0x080054e0   0x080054e0   0x00000006   Code   RO         4556    i.__get_PRIMASK     stm32l0xx_hal_uart_ex.o
    0x080054e6   0x080054e6   0x00000006   Code   RO         6141    i.__get_PRIMASK     cmsis_os2.o
    0x080054ec   0x080054ec   0x00000006   Code   RO         4205    i.__set_PRIMASK     stm32l0xx_hal_uart.o
    0x080054f2   0x080054f2   0x00000006   Code   RO         4557    i.__set_PRIMASK     stm32l0xx_hal_uart_ex.o
    0x080054f8   0x080054f8   0x0000000a   Code   RO          372    i.appNetTask        nettask.o
    0x08005502   0x08005502   0x00000002   PAD
    0x08005504   0x08005504   0x00000040   Code   RO          392    i.appSlowTask       slowtask.o
    0x08005544   0x08005544   0x00000074   Code   RO          412    i.appUartTask       uarttask.o
    0x080055b8   0x080055b8   0x00000022   Code   RO         1350    i.bq35100_read      bq35100.o
    0x080055da   0x080055da   0x00000022   Code   RO         1351    i.bq35100_write     bq35100.o
    0x080055fc   0x080055fc   0x000000a4   Code   RO         1571    i.flashDataInit     eeprom.o
    0x080056a0   0x080056a0   0x00000078   Code   RO         1572    i.flashReadFromEEPROM  eeprom.o
    0x08005718   0x08005718   0x00000054   Code   RO         1573    i.flashWriteToEEPROM  eeprom.o
    0x0800576c   0x0800576c   0x0000006c   Code   RO          488    i.hex_string_to_int  dataprocess.o
    0x080057d8   0x080057d8   0x00000078   Code   RO          842    i.laserCH4rcv       ch4.o
    0x08005850   0x08005850   0x000000b4   Code   RO            4    i.main              main.o
    0x08005904   0x08005904   0x00000038   Code   RO         6142    i.osDelay           cmsis_os2.o
    0x0800593c   0x0800593c   0x00000040   Code   RO         6156    i.osKernelInitialize  cmsis_os2.o
    0x0800597c   0x0800597c   0x00000048   Code   RO         6159    i.osKernelStart     cmsis_os2.o
    0x080059c4   0x080059c4   0x000000e4   Code   RO         6192    i.osThreadNew       cmsis_os2.o
    0x08005aa8   0x08005aa8   0x000000ac   Code   RO          843    i.praseCH4Data      ch4.o
    0x08005b54   0x08005b54   0x0000005c   Code   RO          871    i.praseH2SData      h2s.o
    0x08005bb0   0x08005bb0   0x0000003c   Code   RO          906    i.praseRadarData    radar.o
    0x08005bec   0x08005bec   0x0000007c   Code   RO         5616    i.prvAddCurrentTaskToDelayedList  tasks.o
    0x08005c68   0x08005c68   0x000000ac   Code   RO         5617    i.prvAddNewTaskToReadyList  tasks.o
    0x08005d14   0x08005d14   0x00000078   Code   RO         5980    i.prvCheckForValidListAndQueue  timers.o
    0x08005d8c   0x08005d8c   0x00000048   Code   RO         5618    i.prvCheckTasksWaitingTermination  tasks.o
    0x08005dd4   0x08005dd4   0x0000002c   Code   RO         5206    i.prvCopyDataFromQueue  queue.o
    0x08005e00   0x08005e00   0x00000080   Code   RO         5207    i.prvCopyDataToQueue  queue.o
    0x08005e80   0x08005e80   0x00000044   Code   RO         5619    i.prvDeleteTCB      tasks.o
    0x08005ec4   0x08005ec4   0x00000016   Code   RO         5208    i.prvGetDisinheritPriorityAfterTimeout  queue.o
    0x08005eda   0x08005eda   0x00000002   PAD
    0x08005edc   0x08005edc   0x0000002c   Code   RO         5981    i.prvGetNextExpireTime  timers.o
    0x08005f08   0x08005f08   0x0000007c   Code   RO         6562    i.prvHeapInit       heap_4.o
    0x08005f84   0x08005f84   0x00000018   Code   RO         5620    i.prvIdleTask       tasks.o
    0x08005f9c   0x08005f9c   0x0000002c   Code   RO         5210    i.prvInitialiseNewQueue  queue.o
    0x08005fc8   0x08005fc8   0x000000bc   Code   RO         5621    i.prvInitialiseNewTask  tasks.o
    0x08006084   0x08006084   0x00000064   Code   RO         5622    i.prvInitialiseTaskLists  tasks.o
    0x080060e8   0x080060e8   0x00000068   Code   RO         6563    i.prvInsertBlockIntoFreeList  heap_4.o
    0x08006150   0x08006150   0x00000054   Code   RO         5983    i.prvInsertTimerInActiveList  timers.o
    0x080061a4   0x080061a4   0x0000001c   Code   RO         5211    i.prvIsQueueEmpty   queue.o
    0x080061c0   0x080061c0   0x0000001e   Code   RO         5212    i.prvIsQueueFull    queue.o
    0x080061de   0x080061de   0x00000002   PAD
    0x080061e0   0x080061e0   0x00000068   Code   RO         5984    i.prvProcessExpiredTimer  timers.o
    0x08006248   0x08006248   0x00000144   Code   RO         5985    i.prvProcessReceivedCommands  timers.o
    0x0800638c   0x0800638c   0x0000006c   Code   RO         5986    i.prvProcessTimerOrBlockTask  timers.o
    0x080063f8   0x080063f8   0x00000038   Code   RO         5624    i.prvResetNextTaskUnblockTime  tasks.o
    0x08006430   0x08006430   0x0000002c   Code   RO         5987    i.prvSampleTimeNow  timers.o
    0x0800645c   0x0800645c   0x0000002c   Code   RO         6613    i.prvSetupTimerInterrupt  port.o
    0x08006488   0x08006488   0x00000094   Code   RO         5988    i.prvSwitchTimerLists  timers.o
    0x0800651c   0x0800651c   0x00000024   Code   RO         6614    i.prvTaskExitError  port.o
    0x08006540   0x08006540   0x0000001a   Code   RO         5989    i.prvTimerTask      timers.o
    0x0800655a   0x0800655a   0x0000008e   Code   RO         5213    i.prvUnlockQueue    queue.o
    0x080065e8   0x080065e8   0x0000011c   Code   RO         6564    i.pvPortMalloc      heap_4.o
    0x08006704   0x08006704   0x00000020   Code   RO         5627    i.pvTaskIncrementMutexHeldCount  tasks.o
    0x08006724   0x08006724   0x00000020   Code   RO         6615    i.pxPortInitialiseStack  port.o
    0x08006744   0x08006744   0x00000064   Code   RO          489    i.ringBufInit       dataprocess.o
    0x080067a8   0x080067a8   0x00000012   Code   RO          490    i.ring_buf_available  dataprocess.o
    0x080067ba   0x080067ba   0x0000000e   Code   RO          491    i.ring_buf_clear    dataprocess.o
    0x080067c8   0x080067c8   0x00000026   Code   RO          492    i.ring_buf_drop     dataprocess.o
    0x080067ee   0x080067ee   0x0000000e   Code   RO          493    i.ring_buf_init     dataprocess.o
    0x080067fc   0x080067fc   0x00000018   Code   RO          494    i.ring_buf_is_empty  dataprocess.o
    0x08006814   0x08006814   0x00000022   Code   RO          495    i.ring_buf_peek     dataprocess.o
    0x08006836   0x08006836   0x0000003c   Code   RO          496    i.ring_buf_peek_n   dataprocess.o
    0x08006872   0x08006872   0x00000046   Code   RO          497    i.ring_buf_read     dataprocess.o
    0x080068b8   0x080068b8   0x0000004c   Code   RO          498    i.ring_buf_write    dataprocess.o
    0x08006904   0x08006904   0x000000d0   Code   RO          500    i.str_to_float      dataprocess.o
    0x080069d4   0x080069d4   0x00000144   Code   RO          741    i.uartRcvStart      usart.o
    0x08006b18   0x08006b18   0x00000028   Code   RO         5169    i.uxListRemove      list.o
    0x08006b40   0x08006b40   0x00000018   Code   RO         6204    i.vApplicationGetIdleTaskMemory  cmsis_os2.o
    0x08006b58   0x08006b58   0x00000018   Code   RO         6205    i.vApplicationGetTimerTaskMemory  cmsis_os2.o
    0x08006b70   0x08006b70   0x0000001a   Code   RO         5170    i.vListInitialise   list.o
    0x08006b8a   0x08006b8a   0x00000006   Code   RO         5171    i.vListInitialiseItem  list.o
    0x08006b90   0x08006b90   0x00000036   Code   RO         5172    i.vListInsert       list.o
    0x08006bc6   0x08006bc6   0x00000018   Code   RO         5173    i.vListInsertEnd    list.o
    0x08006bde   0x08006bde   0x00000002   PAD
    0x08006be0   0x08006be0   0x0000001c   Code   RO         6617    i.vPortEnterCritical  port.o
    0x08006bfc   0x08006bfc   0x00000028   Code   RO         6618    i.vPortExitCritical  port.o
    0x08006c24   0x08006c24   0x00000080   Code   RO         6565    i.vPortFree         heap_4.o
    0x08006ca4   0x08006ca4   0x00000018   Code   RO         6619    i.vPortYield        port.o
    0x08006cbc   0x08006cbc   0x0000002c   Code   RO         5219    i.vQueueAddToRegistry  queue.o
    0x08006ce8   0x08006ce8   0x0000004c   Code   RO         5223    i.vQueueWaitForMessageRestricted  queue.o
    0x08006d34   0x08006d34   0x00000044   Code   RO         5636    i.vTaskDelay        tasks.o
    0x08006d78   0x08006d78   0x00000018   Code   RO         5641    i.vTaskInternalSetTimeOutState  tasks.o
    0x08006d90   0x08006d90   0x0000000c   Code   RO         5642    i.vTaskMissedYield  tasks.o
    0x08006d9c   0x08006d9c   0x0000002c   Code   RO         5644    i.vTaskPlaceOnEventList  tasks.o
    0x08006dc8   0x08006dc8   0x00000034   Code   RO         5645    i.vTaskPlaceOnEventListRestricted  tasks.o
    0x08006dfc   0x08006dfc   0x000000b0   Code   RO         5647    i.vTaskPriorityDisinheritAfterTimeout  tasks.o
    0x08006eac   0x08006eac   0x000000a0   Code   RO         5653    i.vTaskStartScheduler  tasks.o
    0x08006f4c   0x08006f4c   0x00000010   Code   RO         5655    i.vTaskSuspendAll   tasks.o
    0x08006f5c   0x08006f5c   0x00000080   Code   RO         5656    i.vTaskSwitchContext  tasks.o
    0x08006fdc   0x08006fdc   0x00000038   Code   RO         6620    i.xPortStartScheduler  port.o
    0x08007014   0x08007014   0x00000024   Code   RO         6621    i.xPortSysTickHandler  port.o
    0x08007038   0x08007038   0x0000005a   Code   RO         5228    i.xQueueGenericCreate  queue.o
    0x08007092   0x08007092   0x000000a0   Code   RO         5229    i.xQueueGenericCreateStatic  queue.o
    0x08007132   0x08007132   0x00000082   Code   RO         5230    i.xQueueGenericReset  queue.o
    0x080071b4   0x080071b4   0x0000015a   Code   RO         5231    i.xQueueGenericSend  queue.o
    0x0800730e   0x0800730e   0x000000bc   Code   RO         5232    i.xQueueGenericSendFromISR  queue.o
    0x080073ca   0x080073ca   0x000000aa   Code   RO         5235    i.xQueueGiveFromISR  queue.o
    0x08007474   0x08007474   0x00000138   Code   RO         5241    i.xQueueReceive     queue.o
    0x080075ac   0x080075ac   0x0000017e   Code   RO         5243    i.xQueueSemaphoreTake  queue.o
    0x0800772a   0x0800772a   0x00000002   PAD
    0x0800772c   0x0800772c   0x00000074   Code   RO         5657    i.xTaskCheckForTimeOut  tasks.o
    0x080077a0   0x080077a0   0x00000062   Code   RO         5658    i.xTaskCreate       tasks.o
    0x08007802   0x08007802   0x00000088   Code   RO         5659    i.xTaskCreateStatic  tasks.o
    0x0800788a   0x0800788a   0x00000002   PAD
    0x0800788c   0x0800788c   0x00000024   Code   RO         5663    i.xTaskGetSchedulerState  tasks.o
    0x080078b0   0x080078b0   0x0000000c   Code   RO         5664    i.xTaskGetTickCount  tasks.o
    0x080078bc   0x080078bc   0x0000013c   Code   RO         5666    i.xTaskIncrementTick  tasks.o
    0x080079f8   0x080079f8   0x00000088   Code   RO         5669    i.xTaskPriorityDisinherit  tasks.o
    0x08007a80   0x08007a80   0x000000a4   Code   RO         5670    i.xTaskPriorityInherit  tasks.o
    0x08007b24   0x08007b24   0x00000088   Code   RO         5671    i.xTaskRemoveFromEventList  tasks.o
    0x08007bac   0x08007bac   0x000000f0   Code   RO         5672    i.xTaskResumeAll    tasks.o
    0x08007c9c   0x08007c9c   0x00000070   Code   RO         5997    i.xTimerCreateTimerTask  timers.o
    0x08007d0c   0x08007d0c   0x00000074   Code   RO         5998    i.xTimerGenericCommand  timers.o
    0x08007d80   0x08007d80   0x0000002c   Code   RO         7847    locale$$code        c_p.l(lc_ctype_c.o)
    0x08007dac   0x08007dac   0x0000008c   Code   RO         7721    x$fpl$fadd          fz_ps.l(faddsub.o)
    0x08007e38   0x08007e38   0x000000b0   Code   RO         7736    x$fpl$fmul          fz_ps.l(fmul.o)
    0x08007ee8   0x08007ee8   0x000000d0   Code   RO         7723    x$fpl$fsub          fz_ps.l(faddsub.o)
    0x08007fb8   0x08007fb8   0x00000000   Code   RO         7906    x$fpl$usenofp       fz_ps.l(usenofp.o)
    0x08007fb8   0x08007fb8   0x0000006c   Data   RO            7    .constdata          main.o
    0x08008024   0x08008024   0x00000021   Data   RO          434    .constdata          system_stm32l0xx.o
    0x08008045   0x08008045   0x00000080   Data   RO         7703    .constdata          fz_ps.l(ddiv.o)
    0x080080c5   0x080080c5   0x00000003   PAD
    0x080080c8   0x080080c8   0x0000001d   Data   RO            8    .conststring        main.o
    0x080080e5   0x080080e5   0x00000003   PAD
    0x080080e8   0x080080e8   0x00000020   Data   RO         8199    Region$$Table       anon$$obj.o
    0x08008108   0x08008108   0x00000110   Data   RO         7846    locale$$data        c_p.l(lc_ctype_c.o)


    Execution Region RW_IRAM1 (Exec base: 0x20000000, Load base: 0x08008218, Size: 0x00003c00, Max: 0x00005000, ABSOLUTE)

    Exec Addr    Load Addr    Size         Type   Attr      Idx    E Section Name        Object

    0x20000000   0x08008218   0x00000024   Data   RW            9    .data               main.o
    0x20000024   0x0800823c   0x00000004   Data   RW          435    .data               system_stm32l0xx.o
    0x20000028   0x08008240   0x00000010   Data   RW          744    .data               usart.o
    0x20000038   0x08008250   0x00000009   Data   RW         1717    .data               stm32l0xx_hal.o
    0x20000041   0x08008259   0x00000003   PAD
    0x20000044   0x0800825c   0x0000003c   Data   RW         5675    .data               tasks.o
    0x20000080   0x08008298   0x00000014   Data   RW         6006    .data               timers.o
    0x20000094   0x080082ac   0x00000004   Data   RW         6207    .data               cmsis_os2.o
    0x20000098   0x080082b0   0x00000018   Data   RW         6570    .data               heap_4.o
    0x200000b0   0x080082c8   0x00000004   Data   RW         6622    .data               port.o
    0x200000b4        -       0x00000458   Zero   RW          501    .bss                dataprocess.o
    0x2000050c        -       0x00000054   Zero   RW          644    .bss                i2c.o
    0x20000560        -       0x00000040   Zero   RW          710    .bss                tim.o
    0x200005a0        -       0x00000740   Zero   RW          743    .bss                usart.o
    0x20000ce0        -       0x00000024   Zero   RW          807    .bss                rtc.o
    0x20000d04        -       0x00000018   Zero   RW         1352    .bss                bq35100.o
    0x20000d1c   0x080082cc   0x00000004   PAD
    0x20000d20        -       0x00000190   Zero   RW         1574    .bss                eeprom.o
    0x20000eb0        -       0x00000018   Zero   RW         2188    .bss                stm32l0xx_hal_flash.o
    0x20000ec8        -       0x00000040   Zero   RW         5245    .bss                queue.o
    0x20000f08        -       0x000004c4   Zero   RW         5674    .bss                tasks.o
    0x200013cc        -       0x00000118   Zero   RW         6005    .bss                timers.o
    0x200014e4        -       0x00000cb8   Zero   RW         6206    .bss                cmsis_os2.o
    0x2000219c        -       0x00001400   Zero   RW         6569    .bss                heap_4.o
    0x2000359c        -       0x00000060   Zero   RW         7924    .bss                c_p.l(libspace.o)
    0x200035fc   0x080082cc   0x00000004   PAD
    0x20003600        -       0x00000200   Zero   RW         4643    HEAP                startup_stm32l071xx.o
    0x20003800        -       0x00000400   Zero   RW         4642    STACK               startup_stm32l071xx.o


==============================================================================

Image component sizes


      Code (inc. data)   RO Data    RW Data    ZI Data      Debug   Object Name

       320         10          0          0         24       5316   bq35100.o
       292         22          0          0          0       1473   ch4.o
       480         38          0          4       3256      12542   cmsis_os2.o
       856         44          0          0       1112       9334   dataprocess.o
       560        154          0          0        400       4538   eeprom.o
         0          0          0          0          0      10464   event_groups.o
       692         44          0          0          0       2161   gpio.o
       276         14          0          0          0       1440   h2s.o
       640         60          0         24       5120       4035   heap_4.o
         0          0          0          0          0        392   hmac.o
       252         28          0          0         84       2345   i2c.o
       150          0          0          0          0       2914   list.o
        56          4          0          0          0        437   lowpower.o
       180         52        137         36          0     387407   main.o
        10          0          0          0          0        409   nettask.o
       418         58          0          4          0       6352   port.o
      2336          4          0          0         64      18756   queue.o
       172         10          0          0          0       1216   radar.o
       116         20          0          0         36       1371   rtc.o
        64          6          0          0          0        506   slowtask.o
        56         26        192          0       1536        596   startup_stm32l071xx.o
       208         40          0          9          0       8889   stm32l0xx_hal.o
       222         26          0          0          0      11977   stm32l0xx_hal_cortex.o
       812         10          0          0          0       4526   stm32l0xx_hal_dma.o
       408         16          0          0         24       6506   stm32l0xx_hal_flash.o
       248         36          0          0          0       2782   stm32l0xx_hal_flash_ex.o
       576         40          0          0          0       3036   stm32l0xx_hal_gpio.o
      2138         36          0          0          0      11788   stm32l0xx_hal_i2c.o
       222          0          0          0          0       1795   stm32l0xx_hal_i2c_ex.o
        32          6          0          0          0        402   stm32l0xx_hal_msp.o
        20          4          0          0          0        475   stm32l0xx_hal_pwr.o
      2464        104          0          0          0       5964   stm32l0xx_hal_rcc.o
       596         12          0          0          0       1412   stm32l0xx_hal_rcc_ex.o
       400         10          0          0          0       3509   stm32l0xx_hal_rtc.o
        80          8          0          0          0        978   stm32l0xx_hal_rtc_ex.o
      1090         26          0          0          0       9757   stm32l0xx_hal_tim.o
       140         12          0          0          0       1208   stm32l0xx_hal_tim_ex.o
      3576        100          0          0          0      15653   stm32l0xx_hal_uart.o
       150          0          0          0          0       2623   stm32l0xx_hal_uart_ex.o
       304         58          0          0          0       5141   stm32l0xx_it.o
         0          0          0          0          0       8992   stream_buffer.o
       216         10          0          0          0        673   sysclk.o
         2          0         33          4          0       1059   system_stm32l0xx.o
      2906        362          0         60       1220      25203   tasks.o
       148         16          0          0         64        772   tim.o
      1230        120          0         20        280      11563   timers.o
       116         20          0          0          0        490   uarttask.o
      1304        176          0         16       1856       4319   usart.o

    ----------------------------------------------------------------------
     27580       1842        397        180      15080     625496   Object Totals
         0          0         32          0          0          0   (incl. Generated)
        46          0          3          3          4          0   (incl. Padding)

    ----------------------------------------------------------------------

      Code (inc. data)   RO Data    RW Data    ZI Data      Debug   Library Member Name

         8          0          0          0          0         68   __main.o
         0          0          0          0          0          0   __rtentry.o
        12          0          0          0          0          0   __rtentry2.o
         6          0          0          0          0          0   __rtentry4.o
        60          8          0          0          0          0   __scatter.o
        26          0          0          0          0          0   __scatter_copy.o
        28          0          0          0          0          0   __scatter_zi.o
        18          0          0          0          0         68   aeabi_memset.o
       346          0          0          0          0         92   aeabi_sdiv.o
        16          0          0          0          0         68   exit.o
         6          0          0          0          0        136   heapauxi.o
         0          0          0          0          0          0   indicate_semi.o
        44         10        272          0          0         76   lc_ctype_c.o
         2          0          0          0          0          0   libinit.o
        20          0          0          0          0          0   libinit2.o
         2          0          0          0          0          0   libshutdown.o
         2          0          0          0          0          0   libshutdown2.o
         8          4          0          0         96         68   libspace.o
       258          0          0          0          0         88   lludiv.o
        16          4          0          0          0         76   rt_ctype_table.o
         8          4          0          0          0         68   rt_locale_intlibspace.o
        64          0          0          0          0        108   rt_memclr.o
       186          0          0          0          0        144   rt_memcpy.o
         2          0          0          0          0          0   rtexit.o
        10          0          0          0          0          0   rtexit2.o
       136          4          0          0          0         72   strcmp.o
        76          6          0          0          0         72   strcpy.o
        12          4          0          0          0         60   sys_exit.o
        62          0          0          0          0         80   sys_stackheap_outer.o
         2          0          0          0          0         68   use_no_semi.o
       124          4          0          0          0         72   d2f.o
       856         20          0          0          0        208   daddsub.o
      1096         26        128          0          0        112   ddiv.o
        72          4          0          0          0         68   dfixui.o
       584         26          0          0          0         84   dmul.o
        84          4          0          0          0         60   f2d.o
       348          8          0          0          0        160   faddsub.o
        48          0          0          0          0         60   ffixui.o
        94          0          0          0          0         92   fflti.o
       176          4          0          0          0         80   fmul.o
         0          0          0          0          0          0   usenofp.o

    ----------------------------------------------------------------------
      4924        140        403          0        100       2408   Library Totals
         6          0          3          0          4          0   (incl. Padding)

    ----------------------------------------------------------------------

      Code (inc. data)   RO Data    RW Data    ZI Data      Debug   Library Name

      1436         44        272          0         96       1412   c_p.l
      3482         96        128          0          0        996   fz_ps.l

    ----------------------------------------------------------------------
      4924        140        403          0        100       2408   Library Totals

    ----------------------------------------------------------------------

==============================================================================


      Code (inc. data)   RO Data    RW Data    ZI Data      Debug   

     32504       1982        800        180      15180     616300   Grand Totals
     32504       1982        800        180      15180     616300   ELF Image Totals
     32504       1982        800        180          0          0   ROM Totals

==============================================================================

    Total RO  Size (Code + RO Data)                33304 (  32.52kB)
    Total RW  Size (RW Data + ZI Data)             15360 (  15.00kB)
    Total ROM Size (Code + RO Data + RW Data)      33484 (  32.70kB)

==============================================================================

