<html>
<body>
<pre>
<h1>µVision Build Log</h1>
<h2>Tool Versions:</h2>
IDE-Version: ¦ÌVision V5.40.0.0
Copyright (C) 2024 ARM Ltd and ARM Germany GmbH. All rights reserved.
License Information: 111 111, 111, LIC=FYKYW-Q95F3-VEGHA-15HLZ-32TW2-CBLLR
 
Tool Versions:
Toolchain:       MDK-ARM Plus  Version: 5.40.0.3
Toolchain Path:  D:\Keil_v5\ARM\ARMCC\Bin
C Compiler:      Armcc.exe V5.06 update 2 (build 183)
Assembler:       Armasm.exe V5.06 update 2 (build 183)
Linker/Locator:  ArmLink.exe V5.06 update 2 (build 183)
Library Manager: ArmAr.exe V5.06 update 2 (build 183)
Hex Converter:   FromElf.exe V5.06 update 2 (build 183)
CPU DLL:         SARMCM3.DLL V5.40.0.3
Dialog DLL:      DARMCM1.DLL V1.19.6.0
Target DLL:      CMSIS_AGDI.dll V1.33.18.0
Dialog DLL:      TARMCM1.DLL V1.14.6.0
 
<h2>Project:</h2>
C:\Users\DDF\Desktop\»¯·à³Ø\MDK\hufenchi.uvprojx
Project File Date:  09/24/2026

<h2>Output:</h2>
*** Using Compiler 'V5.06 update 2 (build 183)', folder: 'D:\Keil_v5\ARM\ARMCC\Bin'
Rebuild target 'hufenchi'
compiling hmac.c...
compiling md5.c...
compiling token.c...
compiling base64.c...
compiling system_stm32l0xx.c...
compiling i2c.c...
compiling slowTask.c...
compiling sysclk.c...
compiling main.c...
compiling uartTask.c...
compiling tim.c...
compiling ch4.c...
compiling netTask.c...
compiling stm32l0xx_hal_msp.c...
compiling IIS2DLP.c...
compiling radar.c...
compiling rtc.c...
compiling h2s.c...
compiling gpio.c...
compiling stm32l0xx_it.c...
compiling dataProcess.c...
compiling bq35100.c...
compiling usart.c...
compiling EC800M.c...
compiling HDC2010.c...
compiling stm32l0xx_hal_cortex.c...
assembling startup_stm32l071xx.s...
compiling stm32l0xx_hal.c...
compiling stm32l0xx_hal_dma.c...
compiling stm32l0xx_hal_exti.c...
compiling stm32l0xx_hal_flash_ex.c...
compiling stm32l0xx_hal_i2c_ex.c...
compiling stm32l0xx_hal_pwr_ex.c...
compiling stm32l0xx_hal_tim_ex.c...
compiling stm32l0xx_hal_gpio.c...
compiling stm32l0xx_hal_pwr.c...
compiling stm32l0xx_hal_flash.c...
compiling stm32l0xx_hal_flash_ramfunc.c...
compiling stm32l0xx_hal_rcc_ex.c...
compiling stm32l0xx_hal_uart_ex.c...
compiling eeprom.c...
compiling lowpower.c...
compiling croutine.c...
compiling stm32l0xx_hal_rcc.c...
compiling event_groups.c...
compiling list.c...
compiling heap_4.c...
compiling stm32l0xx_hal_tim.c...
compiling stm32l0xx_hal_uart.c...
compiling timers.c...
compiling stream_buffer.c...
compiling queue.c...
compiling cJSON_Utils.c...
compiling tasks.c...
compiling port.c...
compiling stm32l0xx_hal_i2c.c...
compiling cJSON.c...
compiling cmsis_os2.c...
compiling stm32l0xx_hal_rtc.c...
compiling stm32l0xx_hal_rtc_ex.c...
linking...
Program Size: Code=32504 RO-data=800 RW-data=180 ZI-data=15180  
FromELF: creating hex file...
".\Output\hufenchi.axf" - 0 Error(s), 0 Warning(s).

<h2>Software Packages used:</h2>

Package Vendor: ARM
                https://www.keil.com/pack/ARM.CMSIS.6.1.0.pack
                ARM::CMSIS@6.1.0
                CMSIS (Common Microcontroller Software Interface Standard)
   * Component: CORE Version: 6.1.0

Package Vendor: MDK-Packs
                https://github.com/MDK-Packs/Pack/raw/master/cJSON/MDK-Packs.cJSON.1.0.0.pack
                MDK-Packs::cJSON@1.0.0
                Ultralightweight JSON parser in ANSI C
   * Component: cJSON Version: 1.7.7

Package Vendor: Keil
                https://www.keil.com/pack/Keil.STM32L0xx_DFP.3.1.0.pack
                Keil::STM32L0xx_DFP@3.1.0
                STMicroelectronics STM32L0 Series Device Support

<h2>Collection of Component include folders:</h2>
  ./RTE/_hufenchi
  D:/Keil_v5/Packs/ARM/CMSIS/6.1.0/CMSIS/Core/Include
  D:/Keil_v5/Packs/MDK-Packs/cJSON/1.0.0

<h2>Collection of Component Files used:</h2>

   * Component: ARM::CMSIS:CORE@6.1.0
      Include file:  CMSIS/Core/Include/tz_context.h

   * Component: MDK-Packs::Data Exchange:JSON:cJSON@1.7.7
      Include file:  cJSON.h
      Source file:   cJSON_Utils.c
      Source file:   cJSON.c
      Include file:  cJSON_Utils.h
Build Time Elapsed:  00:00:09
</pre>
</body>
</html>
